Chr1	1	277	-	-	-	-	-	NOTAL1	-	NOTAL	-
Chr1	278	1703	-	-	Chr1	751	2148	INV2	-	INV	-
Chr1	278	1703	-	-	Chr1	2148	751	INVAL4	INV2	INVAL	-
Chr1	346	346	C	T	Chr1	2080	2080	SNP4	INV2	SNP	-
Chr1	502	502	T	C	Chr1	1924	1924	SNP5	INV2	SNP	-
Chr1	508	508	T	C	Chr1	1918	1918	SNP6	INV2	SNP	-
Chr1	657	657	C	T	Chr1	1769	1769	SNP7	INV2	SNP	-
Chr1	698	698	G	A	Chr1	1728	1728	SNP8	INV2	SNP	-
Chr1	700	701	aT	a	Chr1	1725	1725	DEL9	INV2	DEL	-
Chr1	711	711	T	C	Chr1	1716	1716	SNP10	INV2	SNP	-
Chr1	730	730	G	A	Chr1	1697	1697	SNP11	INV2	SNP	-
Chr1	755	755	T	C	Chr1	1672	1672	SNP12	INV2	SNP	-
Chr1	864	864	C	T	Chr1	1563	1563	SNP13	INV2	SNP	-
Chr1	892	892	T	G	Chr1	1535	1535	SNP14	INV2	SNP	-
Chr1	953	953	T	C	Chr1	1474	1474	SNP15	INV2	SNP	-
Chr1	1016	1016	G	T	Chr1	1411	1411	SNP16	INV2	SNP	-
Chr1	1034	1034	C	T	Chr1	1393	1393	SNP17	INV2	SNP	-
Chr1	1073	1079	cCTCCCC	c	Chr1	1353	1353	DEL18	INV2	DEL	-
Chr1	1089	1089	C	A	Chr1	1344	1344	SNP19	INV2	SNP	-
Chr1	1091	1092	aC	a	Chr1	1341	1341	DEL20	INV2	DEL	-
Chr1	1260	1260	T	A	Chr1	1174	1174	SNP21	INV2	SNP	-
Chr1	1588	1608	ATGGAAGATGTGAATGAAGTT	A	Chr1	845	845	DEL22	INV2	DEL	-
Chr1	1704	1925	-	-	-	-	-	NOTAL2	-	NOTAL	-
Chr1	1926	59843	-	-	Chr1	2148	59940	SYN1	-	SYN	-
Chr1	1926	23160	-	-	Chr1	2148	23388	SYNAL1	SYN1	SYNAL	-
Chr1	2309	2309	T	A	Chr1	2531	2531	SNP23	SYN1	SNP	-
Chr1	2310	2310	C	A	Chr1	2532	2532	SNP24	SYN1	SNP	-
Chr1	2722	2726	ATGCA	A	Chr1	2944	2944	DEL25	SYN1	DEL	-
Chr1	3102	3102	A	G	Chr1	3320	3320	SNP26	SYN1	SNP	-
Chr1	4307	4327	aTATATGTGGATATATATATA	a	Chr1	4525	4525	DEL27	SYN1	DEL	-
Chr1	4426	4426	T	TTTTGACAG	Chr1	4624	4632	INS28	SYN1	INS	-
Chr1	4648	4648	C	A	Chr1	4854	4854	SNP29	SYN1	SNP	-
Chr1	6059	6059	T	C	Chr1	6265	6265	SNP30	SYN1	SNP	-
Chr1	6063	6063	T	C	Chr1	6269	6269	SNP31	SYN1	SNP	-
Chr1	6327	6327	a	aA	Chr1	6533	6534	INS32	SYN1	INS	-
Chr1	6514	6514	T	C	Chr1	6721	6721	SNP33	SYN1	SNP	-
Chr1	6603	6603	T	C	Chr1	6810	6810	SNP34	SYN1	SNP	-
Chr1	7346	7347	AT	A	Chr1	7553	7553	DEL35	SYN1	DEL	-
Chr1	7359	7361	AGT	A	Chr1	7565	7565	DEL36	SYN1	DEL	-
Chr1	7464	7464	A	T	Chr1	7668	7668	SNP37	SYN1	SNP	-
Chr1	8003	8004	cA	c	Chr1	8207	8207	DEL38	SYN1	DEL	-
Chr1	8006	8006	A	C	Chr1	8209	8209	SNP39	SYN1	SNP	-
Chr1	8193	8193	G	A	Chr1	8396	8396	SNP40	SYN1	SNP	-
Chr1	8698	8698	t	tCTCTCTCTCTCTCTCTTGCTCTCT	Chr1	8901	8925	INS41	SYN1	INS	-
Chr1	8780	8780	G	A	Chr1	9007	9007	SNP42	SYN1	SNP	-
Chr1	9221	9221	a	aA	Chr1	9448	9449	INS43	SYN1	INS	-
Chr1	9250	9250	T	A	Chr1	9478	9478	SNP44	SYN1	SNP	-
Chr1	9256	9257	cA	c	Chr1	9484	9484	DEL45	SYN1	DEL	-
Chr1	9846	9846	G	A	Chr1	10073	10073	SNP46	SYN1	SNP	-
Chr1	9982	9984	aTA	a	Chr1	10209	10209	DEL47	SYN1	DEL	-
Chr1	10360	10360	T	C	Chr1	10585	10585	SNP48	SYN1	SNP	-
Chr1	10598	10598	a	aA	Chr1	10823	10824	INS49	SYN1	INS	-
Chr1	11062	11063	aA	a	Chr1	11288	11288	DEL50	SYN1	DEL	-
Chr1	11493	11493	G	A	Chr1	11718	11718	SNP51	SYN1	SNP	-
Chr1	12584	12584	A	C	Chr1	12809	12809	SNP52	SYN1	SNP	-
Chr1	12947	12947	T	C	Chr1	13172	13172	SNP53	SYN1	SNP	-
Chr1	13012	13013	tT	t	Chr1	13237	13237	DEL54	SYN1	DEL	-
Chr1	13226	13226	C	T	Chr1	13450	13450	SNP55	SYN1	SNP	-
Chr1	13260	13260	G	A	Chr1	13484	13484	SNP56	SYN1	SNP	-
Chr1	13356	13366	aGGGAGAGAGA	a	Chr1	13580	13580	DEL57	SYN1	DEL	-
Chr1	13450	13450	A	C	Chr1	13664	13664	SNP58	SYN1	SNP	-
Chr1	13538	13538	T	A	Chr1	13752	13752	SNP59	SYN1	SNP	-
Chr1	14289	14289	T	G	Chr1	14503	14503	SNP60	SYN1	SNP	-
Chr1	15233	15234	aA	a	Chr1	15447	15447	DEL61	SYN1	DEL	-
Chr1	15293	15293	T	A	Chr1	15506	15506	SNP62	SYN1	SNP	-
Chr1	15894	15894	a	aTATATATATATATATATA	Chr1	16107	16125	INS63	SYN1	INS	-
Chr1	16225	16225	T	A	Chr1	16456	16456	SNP64	SYN1	SNP	-
Chr1	16819	16822	tTGT	t	Chr1	17050	17050	DEL65	SYN1	DEL	-
Chr1	16827	16827	t	tTG	Chr1	17055	17057	INS66	SYN1	INS	-
Chr1	16918	16921	ACTG	A	Chr1	17148	17148	DEL67	SYN1	DEL	-
Chr1	16989	16989	C	T	Chr1	17216	17216	SNP68	SYN1	SNP	-
Chr1	16992	16992	G	A	Chr1	17219	17219	SNP69	SYN1	SNP	-
Chr1	17002	17002	G	T	Chr1	17229	17229	SNP70	SYN1	SNP	-
Chr1	17011	17011	T	C	Chr1	17238	17238	SNP71	SYN1	SNP	-
Chr1	17026	17026	A	G	Chr1	17253	17253	SNP72	SYN1	SNP	-
Chr1	17031	17031	A	G	Chr1	17258	17258	SNP73	SYN1	SNP	-
Chr1	17049	17049	C	T	Chr1	17276	17276	SNP74	SYN1	SNP	-
Chr1	17079	17079	G	C	Chr1	17306	17306	SNP75	SYN1	SNP	-
Chr1	17120	17120	C	T	Chr1	17347	17347	SNP76	SYN1	SNP	-
Chr1	17124	17124	A	T	Chr1	17351	17351	SNP77	SYN1	SNP	-
Chr1	17182	17182	C	T	Chr1	17409	17409	SNP78	SYN1	SNP	-
Chr1	17290	17290	C	T	Chr1	17517	17517	SNP79	SYN1	SNP	-
Chr1	17306	17306	G	A	Chr1	17533	17533	SNP80	SYN1	SNP	-
Chr1	17457	17457	C	A	Chr1	17684	17684	SNP81	SYN1	SNP	-
Chr1	17493	17493	G	A	Chr1	17720	17720	SNP82	SYN1	SNP	-
Chr1	17499	17516	cTCTCATCTTTATATGAT	c	Chr1	17726	17726	DEL83	SYN1	DEL	-
Chr1	17624	17624	T	A	Chr1	17834	17834	SNP84	SYN1	SNP	-
Chr1	17658	17658	C	A	Chr1	17868	17868	SNP85	SYN1	SNP	-
Chr1	17689	17689	G	A	Chr1	17899	17899	SNP86	SYN1	SNP	-
Chr1	17773	17773	T	A	Chr1	17983	17983	SNP87	SYN1	SNP	-
Chr1	17830	17830	A	G	Chr1	18040	18040	SNP88	SYN1	SNP	-
Chr1	17862	17862	t	tA	Chr1	18072	18073	INS89	SYN1	INS	-
Chr1	17920	17920	C	T	Chr1	18131	18131	SNP90	SYN1	SNP	-
Chr1	18163	18163	C	A	Chr1	18374	18374	SNP91	SYN1	SNP	-
Chr1	18184	18184	T	C	Chr1	18395	18395	SNP92	SYN1	SNP	-
Chr1	18196	18196	G	A	Chr1	18407	18407	SNP93	SYN1	SNP	-
Chr1	18224	18224	G	A	Chr1	18435	18435	SNP94	SYN1	SNP	-
Chr1	18477	18477	G	A	Chr1	18688	18688	SNP95	SYN1	SNP	-
Chr1	18557	18558	aA	a	Chr1	18768	18768	DEL96	SYN1	DEL	-
Chr1	18586	18586	A	G	Chr1	18796	18796	SNP97	SYN1	SNP	-
Chr1	18617	18617	G	A	Chr1	18827	18827	SNP98	SYN1	SNP	-
Chr1	18653	18653	A	G	Chr1	18863	18863	SNP99	SYN1	SNP	-
Chr1	18718	18718	A	G	Chr1	18928	18928	SNP100	SYN1	SNP	-
Chr1	18969	18969	t	tC	Chr1	19179	19180	INS101	SYN1	INS	-
Chr1	18984	18984	T	A	Chr1	19195	19195	SNP102	SYN1	SNP	-
Chr1	19532	19532	C	T	Chr1	19743	19743	SNP103	SYN1	SNP	-
Chr1	20387	20387	t	tAT	Chr1	20598	20600	INS104	SYN1	INS	-
Chr1	20502	20502	A	C	Chr1	20715	20715	SNP105	SYN1	SNP	-
Chr1	20531	20531	t	tGTATATATATATA	Chr1	20744	20757	INS106	SYN1	INS	-
Chr1	20532	20532	t	tA	Chr1	20758	20759	INS107	SYN1	INS	-
Chr1	20720	20720	G	T	Chr1	20947	20947	SNP108	SYN1	SNP	-
Chr1	21043	21043	T	A	Chr1	21270	21270	SNP109	SYN1	SNP	-
Chr1	23084	23085	aA	a	Chr1	23311	23311	DEL110	SYN1	DEL	-
Chr1	23138	23160	-	-	Chr1	23365	23477	CPG1	SYN1	CPG	-
Chr1	23138	44997	-	-	Chr1	23454	45322	SYNAL2	SYN1	SYNAL	-
Chr1	23145	23145	g	gA	Chr1	23371	23372	INS111	SYN1	INS	-
Chr1	23147	23147	a	aG	Chr1	23374	23375	INS112	SYN1	INS	-
Chr1	23150	23151	aC	a	Chr1	23378	23378	DEL113	SYN1	DEL	-
Chr1	23153	23153	a	aG	Chr1	23380	23381	INS114	SYN1	INS	-
Chr1	23235	23235	C	T	Chr1	23551	23551	SNP115	SYN1	SNP	-
Chr1	24466	24466	G	C	Chr1	24782	24782	SNP116	SYN1	SNP	-
Chr1	24489	24489	A	T	Chr1	24805	24805	SNP117	SYN1	SNP	-
Chr1	24738	24738	T	C	Chr1	25054	25054	SNP118	SYN1	SNP	-
Chr1	26041	26041	A	T	Chr1	26357	26357	SNP119	SYN1	SNP	-
Chr1	27265	27265	T	C	Chr1	27581	27581	SNP120	SYN1	SNP	-
Chr1	29093	29095	aTA	a	Chr1	29409	29409	DEL121	SYN1	DEL	-
Chr1	29291	29291	G	A	Chr1	29605	29605	SNP122	SYN1	SNP	-
Chr1	29757	29757	G	A	Chr1	30071	30071	SNP123	SYN1	SNP	-
Chr1	30356	30356	T	G	Chr1	30670	30670	SNP124	SYN1	SNP	-
Chr1	31515	31515	G	A	Chr1	31829	31829	SNP125	SYN1	SNP	-
Chr1	32210	32210	T	C	Chr1	32524	32524	SNP126	SYN1	SNP	-
Chr1	32807	32807	A	G	Chr1	33121	33121	SNP127	SYN1	SNP	-
Chr1	32815	32815	A	G	Chr1	33129	33129	SNP128	SYN1	SNP	-
Chr1	33761	33761	A	C	Chr1	34075	34075	SNP129	SYN1	SNP	-
Chr1	35856	35856	C	T	Chr1	36170	36170	SNP130	SYN1	SNP	-
Chr1	37072	37072	G	T	Chr1	37386	37386	SNP131	SYN1	SNP	-
Chr1	37257	37266	AGAGTGATGA	A	Chr1	37571	37571	DEL132	SYN1	DEL	-
Chr1	37633	37633	C	T	Chr1	37938	37938	SNP133	SYN1	SNP	-
Chr1	37686	37686	A	T	Chr1	37991	37991	SNP134	SYN1	SNP	-
Chr1	41146	41146	T	G	Chr1	41451	41451	SNP135	SYN1	SNP	-
Chr1	41178	41178	A	G	Chr1	41483	41483	SNP136	SYN1	SNP	-
Chr1	41274	41274	A	G	Chr1	41579	41579	SNP137	SYN1	SNP	-
Chr1	41361	41366	tATATA	t	Chr1	41666	41666	DEL138	SYN1	DEL	-
Chr1	41367	41368	tA	t	Chr1	41667	41667	DEL139	SYN1	DEL	-
Chr1	41381	41382	tA	t	Chr1	41680	41680	DEL140	SYN1	DEL	-
Chr1	41383	41384	tA	t	Chr1	41681	41681	DEL141	SYN1	DEL	-
Chr1	41427	41427	G	A	Chr1	41724	41724	SNP142	SYN1	SNP	-
Chr1	41548	41548	g	gT	Chr1	41845	41846	INS143	SYN1	INS	-
Chr1	41551	41551	a	aTATATATATATATATATATATATATAT	Chr1	41849	41876	INS144	SYN1	INS	-
Chr1	41860	41860	T	C	Chr1	42185	42185	SNP145	SYN1	SNP	-
Chr1	41887	41887	A	G	Chr1	42212	42212	SNP146	SYN1	SNP	-
Chr1	42448	42451	tTAT	t	Chr1	42773	42773	DEL147	SYN1	DEL	-
Chr1	42459	42460	tA	t	Chr1	42781	42781	DEL148	SYN1	DEL	-
Chr1	44194	44194	G	T	Chr1	44515	44515	SNP149	SYN1	SNP	-
Chr1	44204	44204	T	TAATAC	Chr1	44525	44530	INS150	SYN1	INS	-
Chr1	44567	44567	C	A	Chr1	44893	44893	SNP151	SYN1	SNP	-
Chr1	44633	44633	C	T	Chr1	44959	44959	SNP152	SYN1	SNP	-
Chr1	44666	44666	G	T	Chr1	44992	44992	SNP153	SYN1	SNP	-
Chr1	44695	44695	C	T	Chr1	45021	45021	SNP154	SYN1	SNP	-
Chr1	44815	44816	tA	t	Chr1	45141	45141	DEL155	SYN1	DEL	-
Chr1	44819	44819	C	T	Chr1	45144	45144	SNP156	SYN1	SNP	-
Chr1	44822	44822	G	A	Chr1	45147	45147	SNP157	SYN1	SNP	-
Chr1	44997	45228	GAAATCATTTCACTGGGCCTAAACAAATATAAAGCCCATTTATCATTTATGGCCTTTTTCAGTCTCCTCCCGAGATTTAAAACCCTAGTTGGTTGATCTTCTCCAACGGGGAATGGAATCGGAGAGTGACGAAAGTCGTGTGTGGATCCTAAATCCTTATTCGGGTCTCCGAATCGGATCCTCGGAGTTAAGCCTTACAAAATGAAGATGCTAatggttctgttttctttat	G	Chr1	45322	45322	DEL2	SYN1	DEL	-
Chr1	45229	59843	-	-	Chr1	45320	59940	SYNAL3	SYN1	SYNAL	-
Chr1	46373	46373	C	T	Chr1	46464	46464	SNP158	SYN1	SNP	-
Chr1	46499	46499	G	A	Chr1	46590	46590	SNP159	SYN1	SNP	-
Chr1	47577	47577	G	A	Chr1	47668	47668	SNP160	SYN1	SNP	-
Chr1	48118	48118	G	A	Chr1	48209	48209	SNP161	SYN1	SNP	-
Chr1	48181	48181	T	C	Chr1	48272	48272	SNP162	SYN1	SNP	-
Chr1	49219	49221	aAA	a	Chr1	49310	49310	DEL163	SYN1	DEL	-
Chr1	49322	49322	t	tTAATTT	Chr1	49411	49417	INS164	SYN1	INS	-
Chr1	50507	50507	C	G	Chr1	50602	50602	SNP165	SYN1	SNP	-
Chr1	51706	51706	A	T	Chr1	51801	51801	SNP166	SYN1	SNP	-
Chr1	51812	51812	a	aT	Chr1	51907	51908	INS167	SYN1	INS	-
Chr1	51814	51814	T	A	Chr1	51910	51910	SNP168	SYN1	SNP	-
Chr1	51818	51818	T	A	Chr1	51914	51914	SNP169	SYN1	SNP	-
Chr1	52814	52814	G	A	Chr1	52910	52910	SNP170	SYN1	SNP	-
Chr1	52893	52893	T	C	Chr1	52989	52989	SNP171	SYN1	SNP	-
Chr1	52909	52909	A	C	Chr1	53005	53005	SNP172	SYN1	SNP	-
Chr1	53325	53325	C	T	Chr1	53421	53421	SNP173	SYN1	SNP	-
Chr1	54712	54712	T	A	Chr1	54808	54808	SNP174	SYN1	SNP	-
Chr1	54713	54713	T	A	Chr1	54809	54809	SNP175	SYN1	SNP	-
Chr1	55321	55321	C	T	Chr1	55417	55417	SNP176	SYN1	SNP	-
Chr1	55684	55684	C	T	Chr1	55780	55780	SNP177	SYN1	SNP	-
Chr1	55709	55709	G	A	Chr1	55805	55805	SNP178	SYN1	SNP	-
Chr1	55736	55736	G	A	Chr1	55832	55832	SNP179	SYN1	SNP	-
Chr1	55757	55757	A	G	Chr1	55853	55853	SNP180	SYN1	SNP	-
Chr1	55860	55860	C	A	Chr1	55956	55956	SNP181	SYN1	SNP	-
Chr1	56173	56173	T	C	Chr1	56269	56269	SNP182	SYN1	SNP	-
Chr1	56238	56239	aA	a	Chr1	56334	56334	DEL183	SYN1	DEL	-
Chr1	56436	56436	G	C	Chr1	56531	56531	SNP184	SYN1	SNP	-
Chr1	56441	56441	G	A	Chr1	56536	56536	SNP185	SYN1	SNP	-
Chr1	56508	56508	A	G	Chr1	56603	56603	SNP186	SYN1	SNP	-
Chr1	56513	56513	T	C	Chr1	56608	56608	SNP187	SYN1	SNP	-
Chr1	56588	56588	C	CAGAC	Chr1	56683	56687	INS188	SYN1	INS	-
Chr1	57974	57974	T	C	Chr1	58073	58073	SNP189	SYN1	SNP	-
Chr1	59225	59227	aAA	a	Chr1	59324	59324	DEL190	SYN1	DEL	-
Chr1	59774	59774	T	G	Chr1	59871	59871	SNP191	SYN1	SNP	-
Chr1	59844	79920	-	-	-	-	-	NOTAL3	-	NOTAL	-
-	-	-	-	-	Chr1	1	750	NOTAL4	-	NOTAL	-
