Chr1	1	1077	-	-	-	-	-	NOTAL1	-	NOTAL	-
Chr1	1078	60941	-	-	Chr1	1	59940	SYN1	-	SYN	-
Chr1	1078	60941	-	-	Chr1	1	59940	SYNAL1	SYN1	SYNAL	-
Chr1	1089	1089	C	A	Chr1	12	12	SNP2	SYN1	SNP	-
Chr1	2554	2554	C	T	Chr1	1477	1477	SNP3	SYN1	SNP	-
Chr1	2673	2673	C	T	Chr1	1596	1596	SNP4	SYN1	SNP	-
Chr1	2722	2726	ATGCA	A	Chr1	1645	1645	DEL5	SYN1	DEL	-
Chr1	4311	4311	a	aTATATATATATATATATATATATATATATATA	Chr1	3230	3262	INS6	SYN1	INS	-
Chr1	4316	4316	g	gAT	Chr1	3267	3269	INS7	SYN1	INS	-
Chr1	5149	5149	C	G	Chr1	4102	4102	SNP8	SYN1	SNP	-
Chr1	6063	6063	T	C	Chr1	5016	5016	SNP9	SYN1	SNP	-
Chr1	6327	6327	a	aA	Chr1	5280	5281	INS10	SYN1	INS	-
Chr1	6539	6539	A	G	Chr1	5493	5493	SNP11	SYN1	SNP	-
Chr1	8698	8698	t	tCT	Chr1	7652	7654	INS12	SYN1	INS	-
Chr1	9966	9966	A	G	Chr1	8922	8922	SNP13	SYN1	SNP	-
Chr1	9971	9973	cAT	c	Chr1	8927	8927	DEL14	SYN1	DEL	-
Chr1	13012	13013	tT	t	Chr1	11966	11966	DEL15	SYN1	DEL	-
Chr1	13356	13356	a	aGA	Chr1	12309	12311	INS16	SYN1	INS	-
Chr1	13397	13397	C	T	Chr1	12352	12352	SNP17	SYN1	SNP	-
Chr1	14012	14012	T	G	Chr1	12967	12967	SNP18	SYN1	SNP	-
Chr1	14998	14999	aA	a	Chr1	13953	13953	DEL19	SYN1	DEL	-
Chr1	15233	15234	aA	a	Chr1	14187	14187	DEL20	SYN1	DEL	-
Chr1	15894	15894	a	aTATATATATATA	Chr1	14847	14859	INS21	SYN1	INS	-
Chr1	16754	16754	C	A	Chr1	15719	15719	SNP22	SYN1	SNP	-
Chr1	17002	17002	G	A	Chr1	15967	15967	SNP23	SYN1	SNP	-
Chr1	17011	17011	T	C	Chr1	15976	15976	SNP24	SYN1	SNP	-
Chr1	17026	17026	A	G	Chr1	15991	15991	SNP25	SYN1	SNP	-
Chr1	17031	17031	A	G	Chr1	15996	15996	SNP26	SYN1	SNP	-
Chr1	17049	17049	C	T	Chr1	16014	16014	SNP27	SYN1	SNP	-
Chr1	17306	17306	G	A	Chr1	16271	16271	SNP28	SYN1	SNP	-
Chr1	17402	17402	C	T	Chr1	16367	16367	SNP29	SYN1	SNP	-
Chr1	17439	17439	A	T	Chr1	16404	16404	SNP30	SYN1	SNP	-
Chr1	17570	17570	t	tT	Chr1	16535	16536	INS31	SYN1	INS	-
Chr1	17830	17830	A	G	Chr1	16796	16796	SNP32	SYN1	SNP	-
Chr1	17873	17873	G	A	Chr1	16839	16839	SNP33	SYN1	SNP	-
Chr1	18393	18393	A	G	Chr1	17359	17359	SNP34	SYN1	SNP	-
Chr1	18397	18397	G	A	Chr1	17363	17363	SNP35	SYN1	SNP	-
Chr1	18446	18446	C	T	Chr1	17412	17412	SNP36	SYN1	SNP	-
Chr1	18557	18558	aA	a	Chr1	17523	17523	DEL37	SYN1	DEL	-
Chr1	20522	20532	aTATATATATT	a	Chr1	19487	19487	DEL38	SYN1	DEL	-
Chr1	20536	20536	T	C	Chr1	19491	19491	SNP39	SYN1	SNP	-
Chr1	20801	20802	tT	t	Chr1	19756	19756	DEL40	SYN1	DEL	-
Chr1	20915	20916	AA	A	Chr1	19869	19869	DEL41	SYN1	DEL	-
Chr1	21043	21043	T	A	Chr1	19996	19996	SNP42	SYN1	SNP	-
Chr1	21104	21104	C	T	Chr1	20057	20057	SNP43	SYN1	SNP	-
Chr1	21128	21128	A	T	Chr1	20081	20081	SNP44	SYN1	SNP	-
Chr1	21829	21829	T	C	Chr1	20782	20782	SNP45	SYN1	SNP	-
Chr1	24489	24489	A	T	Chr1	23442	23442	SNP46	SYN1	SNP	-
Chr1	25156	25156	T	C	Chr1	24109	24109	SNP47	SYN1	SNP	-
Chr1	26041	26041	A	T	Chr1	24994	24994	SNP48	SYN1	SNP	-
Chr1	27754	27754	G	A	Chr1	26707	26707	SNP49	SYN1	SNP	-
Chr1	28948	28948	C	T	Chr1	27901	27901	SNP50	SYN1	SNP	-
Chr1	28978	28978	C	A	Chr1	27931	27931	SNP51	SYN1	SNP	-
Chr1	29120	29120	t	tT	Chr1	28073	28074	INS52	SYN1	INS	-
Chr1	30024	30024	C	T	Chr1	28978	28978	SNP53	SYN1	SNP	-
Chr1	31223	31223	T	C	Chr1	30177	30177	SNP54	SYN1	SNP	-
Chr1	31515	31515	G	A	Chr1	30469	30469	SNP55	SYN1	SNP	-
Chr1	32210	32210	T	C	Chr1	31164	31164	SNP56	SYN1	SNP	-
Chr1	32807	32807	A	G	Chr1	31761	31761	SNP57	SYN1	SNP	-
Chr1	32961	32961	A	G	Chr1	31915	31915	SNP58	SYN1	SNP	-
Chr1	33258	33258	t	tT	Chr1	32212	32213	INS59	SYN1	INS	-
Chr1	33481	33481	C	G	Chr1	32436	32436	SNP60	SYN1	SNP	-
Chr1	33608	33608	C	CAATAGAGAC	Chr1	32563	32572	INS61	SYN1	INS	-
Chr1	33647	33647	T	A	Chr1	32611	32611	SNP62	SYN1	SNP	-
Chr1	33651	33651	T	A	Chr1	32615	32615	SNP63	SYN1	SNP	-
Chr1	35856	35856	C	T	Chr1	34820	34820	SNP64	SYN1	SNP	-
Chr1	37072	37072	G	T	Chr1	36036	36036	SNP65	SYN1	SNP	-
Chr1	37771	37771	a	aGAA	Chr1	36735	36738	INS66	SYN1	INS	-
Chr1	37867	37867	A	T	Chr1	36834	36834	SNP67	SYN1	SNP	-
Chr1	39309	39309	a	aA	Chr1	38276	38277	INS68	SYN1	INS	-
Chr1	39316	39316	t	tA	Chr1	38284	38285	INS69	SYN1	INS	-
Chr1	39324	39324	C	A	Chr1	38293	38293	SNP70	SYN1	SNP	-
Chr1	39716	39716	T	C	Chr1	38685	38685	SNP71	SYN1	SNP	-
Chr1	39751	39751	G	T	Chr1	38720	38720	SNP72	SYN1	SNP	-
Chr1	39802	39802	C	T	Chr1	38771	38771	SNP73	SYN1	SNP	-
Chr1	41146	41146	T	G	Chr1	40115	40115	SNP74	SYN1	SNP	-
Chr1	41360	41360	t	tTTTATATATA	Chr1	40329	40339	INS75	SYN1	INS	-
Chr1	41566	41566	a	aTATA	Chr1	40545	40549	INS76	SYN1	INS	-
Chr1	41758	41759	aA	a	Chr1	40741	40741	DEL77	SYN1	DEL	-
Chr1	42877	42878	tT	t	Chr1	41859	41859	DEL78	SYN1	DEL	-
Chr1	43925	43925	G	T	Chr1	42906	42906	SNP79	SYN1	SNP	-
Chr1	44066	44066	C	T	Chr1	43047	43047	SNP80	SYN1	SNP	-
Chr1	44130	44130	t	tT	Chr1	43111	43112	INS81	SYN1	INS	-
Chr1	44194	44194	G	T	Chr1	43176	43176	SNP82	SYN1	SNP	-
Chr1	44204	44204	T	TAATAC	Chr1	43186	43191	INS83	SYN1	INS	-
Chr1	44567	44567	C	A	Chr1	43554	43554	SNP84	SYN1	SNP	-
Chr1	44773	44773	A	T	Chr1	43760	43760	SNP85	SYN1	SNP	-
Chr1	46373	46373	C	T	Chr1	45360	45360	SNP86	SYN1	SNP	-
Chr1	46564	46564	C	T	Chr1	45551	45551	SNP87	SYN1	SNP	-
Chr1	47577	47577	G	A	Chr1	46564	46564	SNP88	SYN1	SNP	-
Chr1	48151	48151	A	G	Chr1	47138	47138	SNP89	SYN1	SNP	-
Chr1	49080	49080	T	C	Chr1	48067	48067	SNP90	SYN1	SNP	-
Chr1	49107	49107	A	T	Chr1	48094	48094	SNP91	SYN1	SNP	-
Chr1	49219	49221	aAA	a	Chr1	48206	48206	DEL92	SYN1	DEL	-
Chr1	49322	49322	t	tTAATTT	Chr1	48307	48313	INS93	SYN1	INS	-
Chr1	49438	49438	A	C	Chr1	48429	48429	SNP94	SYN1	SNP	-
Chr1	49530	49530	g	gACACAGATATTTG	Chr1	48521	48534	INS95	SYN1	INS	-
Chr1	50816	50816	T	TAAACTC	Chr1	49820	49826	INS96	SYN1	INS	-
Chr1	51706	51706	A	T	Chr1	50716	50716	SNP97	SYN1	SNP	-
Chr1	54703	54703	G	A	Chr1	53713	53713	SNP98	SYN1	SNP	-
Chr1	54714	54714	A	T	Chr1	53724	53724	SNP99	SYN1	SNP	-
Chr1	54877	54877	C	T	Chr1	53887	53887	SNP100	SYN1	SNP	-
Chr1	55130	55131	tT	t	Chr1	54140	54140	DEL101	SYN1	DEL	-
Chr1	55684	55684	C	T	Chr1	54693	54693	SNP102	SYN1	SNP	-
Chr1	55714	55714	C	T	Chr1	54723	54723	SNP103	SYN1	SNP	-
Chr1	55738	55738	C	T	Chr1	54747	54747	SNP104	SYN1	SNP	-
Chr1	55743	55743	A	G	Chr1	54752	54752	SNP105	SYN1	SNP	-
Chr1	55822	55822	C	T	Chr1	54831	54831	SNP106	SYN1	SNP	-
Chr1	55938	55938	C	T	Chr1	54947	54947	SNP107	SYN1	SNP	-
Chr1	55950	55950	C	T	Chr1	54959	54959	SNP108	SYN1	SNP	-
Chr1	56173	56173	T	C	Chr1	55182	55182	SNP109	SYN1	SNP	-
Chr1	56180	56180	G	A	Chr1	55189	55189	SNP110	SYN1	SNP	-
Chr1	56238	56239	aA	a	Chr1	55247	55247	DEL111	SYN1	DEL	-
Chr1	56423	56423	G	A	Chr1	55431	55431	SNP112	SYN1	SNP	-
Chr1	56523	56523	G	A	Chr1	55531	55531	SNP113	SYN1	SNP	-
Chr1	56549	56549	A	G	Chr1	55557	55557	SNP114	SYN1	SNP	-
Chr1	56601	56601	G	A	Chr1	55609	55609	SNP115	SYN1	SNP	-
Chr1	56981	56981	C	G	Chr1	55989	55989	SNP116	SYN1	SNP	-
Chr1	57136	57136	G	T	Chr1	56144	56144	SNP117	SYN1	SNP	-
Chr1	57162	57162	C	T	Chr1	56170	56170	SNP118	SYN1	SNP	-
Chr1	57205	57205	T	C	Chr1	56213	56213	SNP119	SYN1	SNP	-
Chr1	57686	57686	A	C	Chr1	56694	56694	SNP120	SYN1	SNP	-
Chr1	59225	59227	aAA	a	Chr1	58233	58233	DEL121	SYN1	DEL	-
Chr1	59434	59435	tT	t	Chr1	58440	58440	DEL122	SYN1	DEL	-
Chr1	59462	59462	A	T	Chr1	58467	58467	SNP123	SYN1	SNP	-
Chr1	59488	59488	T	C	Chr1	58493	58493	SNP124	SYN1	SNP	-
Chr1	59521	59521	C	T	Chr1	58526	58526	SNP125	SYN1	SNP	-
Chr1	59565	59565	G	A	Chr1	58570	58570	SNP126	SYN1	SNP	-
Chr1	59588	59588	A	AC	Chr1	58593	58594	INS127	SYN1	INS	-
Chr1	59590	59590	T	C	Chr1	58596	58596	SNP128	SYN1	SNP	-
Chr1	59591	59591	T	A	Chr1	58597	58597	SNP129	SYN1	SNP	-
Chr1	59604	59604	C	A	Chr1	58610	58610	SNP130	SYN1	SNP	-
Chr1	59612	59612	A	T	Chr1	58618	58618	SNP131	SYN1	SNP	-
Chr1	59634	59634	G	A	Chr1	58640	58640	SNP132	SYN1	SNP	-
Chr1	59638	59638	G	T	Chr1	58644	58644	SNP133	SYN1	SNP	-
Chr1	59660	59660	C	A	Chr1	58666	58666	SNP134	SYN1	SNP	-
Chr1	59676	59683	aTATCAAT	a	Chr1	58682	58682	DEL135	SYN1	DEL	-
Chr1	59692	59692	A	T	Chr1	58691	58691	SNP136	SYN1	SNP	-
Chr1	59719	59719	A	G	Chr1	58718	58718	SNP137	SYN1	SNP	-
Chr1	59817	59817	A	T	Chr1	58816	58816	SNP138	SYN1	SNP	-
Chr1	60531	60531	T	C	Chr1	59530	59530	SNP139	SYN1	SNP	-
Chr1	60739	60739	T	C	Chr1	59738	59738	SNP140	SYN1	SNP	-
Chr1	60942	79920	-	-	-	-	-	NOTAL2	-	NOTAL	-
