Chr1	1	277	-	-	-	-	-	NOTAL1	-	NOTAL	-
Chr1	278	1070	-	-	Chr1	1	791	INV2	-	INV	-
Chr1	278	1070	-	-	Chr1	791	1	INVAL2	INV2	INVAL	-
Chr1	346	346	C	T	Chr1	723	723	SNP2	INV2	SNP	-
Chr1	502	502	T	C	Chr1	567	567	SNP3	INV2	SNP	-
Chr1	508	508	T	C	Chr1	561	561	SNP4	INV2	SNP	-
Chr1	657	657	C	T	Chr1	412	412	SNP5	INV2	SNP	-
Chr1	698	698	G	A	Chr1	371	371	SNP6	INV2	SNP	-
Chr1	700	701	aT	a	Chr1	368	368	DEL7	INV2	DEL	-
Chr1	711	711	T	C	Chr1	359	359	SNP8	INV2	SNP	-
Chr1	730	730	G	A	Chr1	340	340	SNP9	INV2	SNP	-
Chr1	755	755	T	C	Chr1	315	315	SNP10	INV2	SNP	-
Chr1	773	773	G	A	Chr1	297	297	SNP11	INV2	SNP	-
Chr1	864	864	C	T	Chr1	206	206	SNP12	INV2	SNP	-
Chr1	892	892	T	G	Chr1	178	178	SNP13	INV2	SNP	-
Chr1	900	901	tG	t	Chr1	169	169	DEL14	INV2	DEL	-
Chr1	953	953	T	C	Chr1	118	118	SNP15	INV2	SNP	-
Chr1	1016	1016	G	T	Chr1	55	55	SNP16	INV2	SNP	-
Chr1	1019	1019	G	A	Chr1	52	52	SNP17	INV2	SNP	-
Chr1	1071	1925	-	-	-	-	-	NOTAL2	-	NOTAL	-
Chr1	1926	61141	-	-	Chr1	791	59940	SYN1	-	SYN	-
Chr1	1926	61141	-	-	Chr1	791	59940	SYNAL1	SYN1	SYNAL	-
Chr1	2722	2726	ATGCA	A	Chr1	1587	1587	DEL18	SYN1	DEL	-
Chr1	2966	2966	C	G	Chr1	1827	1827	SNP19	SYN1	SNP	-
Chr1	3102	3102	A	G	Chr1	1963	1963	SNP20	SYN1	SNP	-
Chr1	4307	4327	aTATATGTGGATATATATATA	a	Chr1	3168	3168	DEL21	SYN1	DEL	-
Chr1	4426	4426	T	TTTTGACAG	Chr1	3267	3275	INS22	SYN1	INS	-
Chr1	4648	4648	C	A	Chr1	3497	3497	SNP23	SYN1	SNP	-
Chr1	5687	5687	t	tT	Chr1	4536	4537	INS24	SYN1	INS	-
Chr1	6059	6059	T	C	Chr1	4909	4909	SNP25	SYN1	SNP	-
Chr1	6063	6063	T	C	Chr1	4913	4913	SNP26	SYN1	SNP	-
Chr1	6327	6327	a	aA	Chr1	5177	5178	INS27	SYN1	INS	-
Chr1	6514	6514	T	C	Chr1	5365	5365	SNP28	SYN1	SNP	-
Chr1	7359	7361	AGT	A	Chr1	6210	6210	DEL29	SYN1	DEL	-
Chr1	8003	8004	cA	c	Chr1	6852	6852	DEL30	SYN1	DEL	-
Chr1	8006	8006	A	C	Chr1	6854	6854	SNP31	SYN1	SNP	-
Chr1	8191	8191	T	A	Chr1	7039	7039	SNP32	SYN1	SNP	-
Chr1	8698	8698	t	tCTCTCTCTTGCTCTCT	Chr1	7546	7562	INS33	SYN1	INS	-
Chr1	8780	8780	G	A	Chr1	7644	7644	SNP34	SYN1	SNP	-
Chr1	9221	9221	a	aA	Chr1	8085	8086	INS35	SYN1	INS	-
Chr1	9250	9250	T	A	Chr1	8115	8115	SNP36	SYN1	SNP	-
Chr1	9256	9257	cA	c	Chr1	8121	8121	DEL37	SYN1	DEL	-
Chr1	9846	9846	G	A	Chr1	8710	8710	SNP38	SYN1	SNP	-
Chr1	9980	9984	aTATA	a	Chr1	8844	8844	DEL39	SYN1	DEL	-
Chr1	10360	10360	T	C	Chr1	9220	9220	SNP40	SYN1	SNP	-
Chr1	10583	10583	a	aA	Chr1	9443	9444	INS41	SYN1	INS	-
Chr1	10585	10585	C	A	Chr1	9446	9446	SNP42	SYN1	SNP	-
Chr1	10806	10806	C	A	Chr1	9667	9667	SNP43	SYN1	SNP	-
Chr1	11062	11063	aA	a	Chr1	9923	9923	DEL44	SYN1	DEL	-
Chr1	11493	11493	G	A	Chr1	10353	10353	SNP45	SYN1	SNP	-
Chr1	12584	12584	A	C	Chr1	11444	11444	SNP46	SYN1	SNP	-
Chr1	12947	12947	T	C	Chr1	11807	11807	SNP47	SYN1	SNP	-
Chr1	13260	13260	G	A	Chr1	12120	12120	SNP48	SYN1	SNP	-
Chr1	13356	13366	aGGGAGAGAGA	a	Chr1	12216	12216	DEL49	SYN1	DEL	-
Chr1	13538	13538	T	A	Chr1	12388	12388	SNP50	SYN1	SNP	-
Chr1	14967	14967	C	T	Chr1	13817	13817	SNP51	SYN1	SNP	-
Chr1	14988	14988	c	cA	Chr1	13838	13839	INS52	SYN1	INS	-
Chr1	15234	15234	a	aA	Chr1	14085	14086	INS53	SYN1	INS	-
Chr1	15293	15293	T	A	Chr1	14145	14145	SNP54	SYN1	SNP	-
Chr1	15894	15894	a	aTA	Chr1	14746	14748	INS55	SYN1	INS	-
Chr1	16225	16225	T	A	Chr1	15079	15079	SNP56	SYN1	SNP	-
Chr1	16819	16822	tTGT	t	Chr1	15673	15673	DEL57	SYN1	DEL	-
Chr1	16838	16838	t	tGC	Chr1	15689	15691	INS58	SYN1	INS	-
Chr1	16918	16921	ACTG	A	Chr1	15771	15771	DEL59	SYN1	DEL	-
Chr1	17002	17002	G	T	Chr1	15852	15852	SNP60	SYN1	SNP	-
Chr1	17011	17011	T	C	Chr1	15861	15861	SNP61	SYN1	SNP	-
Chr1	17026	17026	A	G	Chr1	15876	15876	SNP62	SYN1	SNP	-
Chr1	17031	17031	A	G	Chr1	15881	15881	SNP63	SYN1	SNP	-
Chr1	17070	17070	C	T	Chr1	15920	15920	SNP64	SYN1	SNP	-
Chr1	17079	17079	G	C	Chr1	15929	15929	SNP65	SYN1	SNP	-
Chr1	17120	17120	C	T	Chr1	15970	15970	SNP66	SYN1	SNP	-
Chr1	17123	17123	T	A	Chr1	15973	15973	SNP67	SYN1	SNP	-
Chr1	17180	17180	T	C	Chr1	16030	16030	SNP68	SYN1	SNP	-
Chr1	17294	17294	G	A	Chr1	16144	16144	SNP69	SYN1	SNP	-
Chr1	17306	17306	G	A	Chr1	16156	16156	SNP70	SYN1	SNP	-
Chr1	17395	17395	C	T	Chr1	16245	16245	SNP71	SYN1	SNP	-
Chr1	17493	17493	G	A	Chr1	16343	16343	SNP72	SYN1	SNP	-
Chr1	17499	17516	cTCTCATCTTTATATGAT	c	Chr1	16349	16349	DEL73	SYN1	DEL	-
Chr1	17572	17572	C	T	Chr1	16405	16405	SNP74	SYN1	SNP	-
Chr1	17617	17617	C	T	Chr1	16450	16450	SNP75	SYN1	SNP	-
Chr1	17624	17624	T	A	Chr1	16457	16457	SNP76	SYN1	SNP	-
Chr1	17658	17658	C	A	Chr1	16491	16491	SNP77	SYN1	SNP	-
Chr1	17689	17689	G	A	Chr1	16522	16522	SNP78	SYN1	SNP	-
Chr1	17773	17773	T	A	Chr1	16606	16606	SNP79	SYN1	SNP	-
Chr1	17797	17797	A	T	Chr1	16630	16630	SNP80	SYN1	SNP	-
Chr1	17830	17830	A	G	Chr1	16663	16663	SNP81	SYN1	SNP	-
Chr1	17862	17862	t	tA	Chr1	16695	16696	INS82	SYN1	INS	-
Chr1	17920	17920	C	T	Chr1	16754	16754	SNP83	SYN1	SNP	-
Chr1	18163	18163	C	A	Chr1	16997	16997	SNP84	SYN1	SNP	-
Chr1	18184	18184	T	C	Chr1	17018	17018	SNP85	SYN1	SNP	-
Chr1	18196	18196	G	A	Chr1	17030	17030	SNP86	SYN1	SNP	-
Chr1	18224	18224	G	A	Chr1	17058	17058	SNP87	SYN1	SNP	-
Chr1	18477	18477	G	A	Chr1	17311	17311	SNP88	SYN1	SNP	-
Chr1	18557	18558	aA	a	Chr1	17391	17391	DEL89	SYN1	DEL	-
Chr1	18617	18617	G	A	Chr1	17450	17450	SNP90	SYN1	SNP	-
Chr1	18653	18653	A	G	Chr1	17486	17486	SNP91	SYN1	SNP	-
Chr1	18700	18700	C	T	Chr1	17533	17533	SNP92	SYN1	SNP	-
Chr1	18705	18705	T	C	Chr1	17538	17538	SNP93	SYN1	SNP	-
Chr1	18718	18718	A	G	Chr1	17551	17551	SNP94	SYN1	SNP	-
Chr1	18969	18969	T	C	Chr1	17802	17802	SNP95	SYN1	SNP	-
Chr1	19532	19532	C	T	Chr1	18365	18365	SNP96	SYN1	SNP	-
Chr1	20086	20086	G	A	Chr1	18919	18919	SNP97	SYN1	SNP	-
Chr1	20087	20087	G	A	Chr1	18920	18920	SNP98	SYN1	SNP	-
Chr1	20387	20387	t	tAT	Chr1	19220	19222	INS99	SYN1	INS	-
Chr1	20502	20502	A	C	Chr1	19337	19337	SNP100	SYN1	SNP	-
Chr1	20514	20514	a	aTATATATATG	Chr1	19349	19359	INS101	SYN1	INS	-
Chr1	20720	20720	G	T	Chr1	19565	19565	SNP102	SYN1	SNP	-
Chr1	21043	21043	T	A	Chr1	19888	19888	SNP103	SYN1	SNP	-
Chr1	21829	21829	T	C	Chr1	20674	20674	SNP104	SYN1	SNP	-
Chr1	22515	22516	CG	C	Chr1	21360	21360	DEL105	SYN1	DEL	-
Chr1	22520	22526	TTGCAGG	T	Chr1	21364	21364	DEL106	SYN1	DEL	-
Chr1	22528	22529	AG	A	Chr1	21366	21366	DEL107	SYN1	DEL	-
Chr1	22531	22532	GT	G	Chr1	21368	21368	DEL108	SYN1	DEL	-
Chr1	22533	22534	CT	C	Chr1	21369	21369	DEL109	SYN1	DEL	-
Chr1	22535	22536	CG	C	Chr1	21370	21370	DEL110	SYN1	DEL	-
Chr1	22538	22538	C	T	Chr1	21372	21372	SNP111	SYN1	SNP	-
Chr1	22540	22555	aAAAGGAGAGGAAGAG	a	Chr1	21374	21374	DEL112	SYN1	DEL	-
Chr1	22557	22561	tGAGA	t	Chr1	21376	21376	DEL113	SYN1	DEL	-
Chr1	22906	22907	TT	T	Chr1	21721	21721	DEL114	SYN1	DEL	-
Chr1	23085	23085	a	aA	Chr1	21899	21900	INS115	SYN1	INS	-
Chr1	23144	23144	a	aGAGAGAGAGAGAGAGAGAGAGAGA	Chr1	21959	21983	INS116	SYN1	INS	-
Chr1	23235	23235	C	T	Chr1	22074	22074	SNP117	SYN1	SNP	-
Chr1	24466	24466	G	C	Chr1	23305	23305	SNP118	SYN1	SNP	-
Chr1	24489	24489	A	T	Chr1	23328	23328	SNP119	SYN1	SNP	-
Chr1	24738	24738	T	C	Chr1	23577	23577	SNP120	SYN1	SNP	-
Chr1	26041	26041	A	T	Chr1	24880	24880	SNP121	SYN1	SNP	-
Chr1	26089	26089	G	A	Chr1	24928	24928	SNP122	SYN1	SNP	-
Chr1	27265	27265	T	C	Chr1	26104	26104	SNP123	SYN1	SNP	-
Chr1	29757	29757	G	A	Chr1	28596	28596	SNP124	SYN1	SNP	-
Chr1	30356	30356	T	G	Chr1	29195	29195	SNP125	SYN1	SNP	-
Chr1	31515	31515	G	A	Chr1	30354	30354	SNP126	SYN1	SNP	-
Chr1	32210	32210	T	C	Chr1	31049	31049	SNP127	SYN1	SNP	-
Chr1	32807	32807	A	G	Chr1	31646	31646	SNP128	SYN1	SNP	-
Chr1	35856	35856	C	T	Chr1	34695	34695	SNP129	SYN1	SNP	-
Chr1	36150	36150	G	C	Chr1	34989	34989	SNP130	SYN1	SNP	-
Chr1	37072	37072	G	T	Chr1	35911	35911	SNP131	SYN1	SNP	-
Chr1	37257	37266	AGAGTGATGA	A	Chr1	36096	36096	DEL132	SYN1	DEL	-
Chr1	37633	37633	C	T	Chr1	36463	36463	SNP133	SYN1	SNP	-
Chr1	37686	37686	A	T	Chr1	36516	36516	SNP134	SYN1	SNP	-
Chr1	37765	37771	aGAAGAA	a	Chr1	36595	36595	DEL135	SYN1	DEL	-
Chr1	39309	39309	a	aA	Chr1	38133	38134	INS136	SYN1	INS	-
Chr1	39350	39350	A	G	Chr1	38175	38175	SNP137	SYN1	SNP	-
Chr1	41146	41146	T	G	Chr1	39971	39971	SNP138	SYN1	SNP	-
Chr1	41178	41178	A	G	Chr1	40003	40003	SNP139	SYN1	SNP	-
Chr1	41274	41274	A	G	Chr1	40099	40099	SNP140	SYN1	SNP	-
Chr1	41361	41364	tATA	t	Chr1	40186	40186	DEL141	SYN1	DEL	-
Chr1	41365	41366	tA	t	Chr1	40187	40187	DEL142	SYN1	DEL	-
Chr1	41381	41382	tA	t	Chr1	40202	40202	DEL143	SYN1	DEL	-
Chr1	41383	41384	tA	t	Chr1	40203	40203	DEL144	SYN1	DEL	-
Chr1	41427	41427	G	A	Chr1	40246	40246	SNP145	SYN1	SNP	-
Chr1	41548	41548	g	gT	Chr1	40367	40368	INS146	SYN1	INS	-
Chr1	41551	41551	a	aTATATATATATAT	Chr1	40371	40384	INS147	SYN1	INS	-
Chr1	41860	41860	T	C	Chr1	40693	40693	SNP148	SYN1	SNP	-
Chr1	41887	41887	A	G	Chr1	40720	40720	SNP149	SYN1	SNP	-
Chr1	42459	42459	T	A	Chr1	41292	41292	SNP150	SYN1	SNP	-
Chr1	43227	43227	T	A	Chr1	42060	42060	SNP151	SYN1	SNP	-
Chr1	44130	44130	t	tT	Chr1	42963	42964	INS152	SYN1	INS	-
Chr1	44194	44194	G	T	Chr1	43028	43028	SNP153	SYN1	SNP	-
Chr1	44204	44204	T	TAATAC	Chr1	43038	43043	INS154	SYN1	INS	-
Chr1	44567	44567	C	A	Chr1	43406	43406	SNP155	SYN1	SNP	-
Chr1	44601	44601	A	G	Chr1	43440	43440	SNP156	SYN1	SNP	-
Chr1	44608	44608	T	C	Chr1	43447	43447	SNP157	SYN1	SNP	-
Chr1	44661	44661	G	A	Chr1	43500	43500	SNP158	SYN1	SNP	-
Chr1	44767	44767	A	C	Chr1	43606	43606	SNP159	SYN1	SNP	-
Chr1	44814	44815	aT	a	Chr1	43653	43653	DEL160	SYN1	DEL	-
Chr1	44819	44819	C	T	Chr1	43657	43657	SNP161	SYN1	SNP	-
Chr1	44822	44822	G	A	Chr1	43660	43660	SNP162	SYN1	SNP	-
Chr1	44855	44855	C	T	Chr1	43693	43693	SNP163	SYN1	SNP	-
Chr1	45094	45094	C	T	Chr1	43932	43932	SNP164	SYN1	SNP	-
Chr1	45226	45226	t	tA	Chr1	44064	44065	INS165	SYN1	INS	-
Chr1	46355	46355	A	G	Chr1	45194	45194	SNP166	SYN1	SNP	-
Chr1	46373	46373	C	T	Chr1	45212	45212	SNP167	SYN1	SNP	-
Chr1	46836	46843	aAAAAGAA	a	Chr1	45675	45675	DEL168	SYN1	DEL	-
Chr1	47232	47232	T	C	Chr1	46064	46064	SNP169	SYN1	SNP	-
Chr1	47513	47513	T	A	Chr1	46345	46345	SNP170	SYN1	SNP	-
Chr1	47577	47577	G	A	Chr1	46409	46409	SNP171	SYN1	SNP	-
Chr1	48181	48181	T	C	Chr1	47013	47013	SNP172	SYN1	SNP	-
Chr1	49042	49042	G	A	Chr1	47874	47874	SNP173	SYN1	SNP	-
Chr1	49219	49221	aAA	a	Chr1	48051	48051	DEL174	SYN1	DEL	-
Chr1	49322	49322	t	tTAATTT	Chr1	48152	48158	INS175	SYN1	INS	-
Chr1	49493	49493	T	C	Chr1	48329	48329	SNP176	SYN1	SNP	-
Chr1	49509	49509	G	GA	Chr1	48345	48346	INS177	SYN1	INS	-
Chr1	49564	49564	T	G	Chr1	48401	48401	SNP178	SYN1	SNP	-
Chr1	49580	49580	T	A	Chr1	48417	48417	SNP179	SYN1	SNP	-
Chr1	49803	49803	G	A	Chr1	48640	48640	SNP180	SYN1	SNP	-
Chr1	50371	50371	C	T	Chr1	49208	49208	SNP181	SYN1	SNP	-
Chr1	50447	50447	G	GCAG	Chr1	49284	49287	INS182	SYN1	INS	-
Chr1	51602	51602	T	A	Chr1	50442	50442	SNP183	SYN1	SNP	-
Chr1	51672	51673	aA	a	Chr1	50512	50512	DEL184	SYN1	DEL	-
Chr1	51706	51706	A	T	Chr1	50545	50545	SNP185	SYN1	SNP	-
Chr1	52890	52890	T	A	Chr1	51729	51729	SNP186	SYN1	SNP	-
Chr1	52909	52909	A	C	Chr1	51748	51748	SNP187	SYN1	SNP	-
Chr1	54713	54713	T	A	Chr1	53552	53552	SNP188	SYN1	SNP	-
Chr1	55066	55066	C	A	Chr1	53905	53905	SNP189	SYN1	SNP	-
Chr1	55123	55123	T	A	Chr1	53962	53962	SNP190	SYN1	SNP	-
Chr1	55162	55162	A	G	Chr1	54001	54001	SNP191	SYN1	SNP	-
Chr1	55684	55684	C	T	Chr1	54523	54523	SNP192	SYN1	SNP	-
Chr1	55743	55743	A	G	Chr1	54582	54582	SNP193	SYN1	SNP	-
Chr1	55757	55757	A	G	Chr1	54596	54596	SNP194	SYN1	SNP	-
Chr1	55758	55758	G	A	Chr1	54597	54597	SNP195	SYN1	SNP	-
Chr1	55854	55854	T	A	Chr1	54693	54693	SNP196	SYN1	SNP	-
Chr1	56014	56014	C	T	Chr1	54853	54853	SNP197	SYN1	SNP	-
Chr1	56043	56043	C	G	Chr1	54882	54882	SNP198	SYN1	SNP	-
Chr1	56173	56173	T	C	Chr1	55012	55012	SNP199	SYN1	SNP	-
Chr1	56205	56206	cA	c	Chr1	55044	55044	DEL200	SYN1	DEL	-
Chr1	56230	56230	C	T	Chr1	55068	55068	SNP201	SYN1	SNP	-
Chr1	56233	56234	cA	c	Chr1	55071	55071	DEL202	SYN1	DEL	-
Chr1	56405	56405	C	T	Chr1	55242	55242	SNP203	SYN1	SNP	-
Chr1	56423	56423	G	A	Chr1	55260	55260	SNP204	SYN1	SNP	-
Chr1	56508	56508	A	G	Chr1	55345	55345	SNP205	SYN1	SNP	-
Chr1	56583	56589	ACAGACA	A	Chr1	55420	55420	DEL206	SYN1	DEL	-
Chr1	56904	56932	aTATGAGGTCGAAATATAACATTTTATAA	a	Chr1	55735	55735	DEL207	SYN1	DEL	-
Chr1	59214	59217	cAAA	c	Chr1	58017	58017	DEL208	SYN1	DEL	-
Chr1	59266	59266	G	A	Chr1	58066	58066	SNP209	SYN1	SNP	-
Chr1	59395	59395	T	G	Chr1	58195	58195	SNP210	SYN1	SNP	-
Chr1	59487	59487	T	A	Chr1	58287	58287	SNP211	SYN1	SNP	-
Chr1	60772	60772	G	C	Chr1	59572	59572	SNP212	SYN1	SNP	-
Chr1	61040	61041	tT	t	Chr1	59840	59840	DEL213	SYN1	DEL	-
Chr1	61097	61097	G	T	Chr1	59896	59896	SNP214	SYN1	SNP	-
Chr1	61142	79920	-	-	-	-	-	NOTAL3	-	NOTAL	-
