Chr1	1	61271	-	-	Chr1	391	59940	SYN1	-	SYN	-
Chr1	1	17011	-	-	Chr1	391	17379	SYNAL1	SYN1	SYNAL	-
Chr1	7	7	a	aT	Chr1	397	398	INS3	SYN1	INS	-
Chr1	10	10	C	T	Chr1	401	401	SNP4	SYN1	SNP	-
Chr1	15	15	C	T	Chr1	406	406	SNP5	SYN1	SNP	-
Chr1	18	18	T	A	Chr1	409	409	SNP6	SYN1	SNP	-
Chr1	21	21	A	T	Chr1	412	412	SNP7	SYN1	SNP	-
Chr1	23	23	C	T	Chr1	414	414	SNP8	SYN1	SNP	-
Chr1	29	29	C	T	Chr1	420	420	SNP9	SYN1	SNP	-
Chr1	31	31	T	C	Chr1	422	422	SNP10	SYN1	SNP	-
Chr1	34	34	G	A	Chr1	425	425	SNP11	SYN1	SNP	-
Chr1	35	35	A	G	Chr1	426	426	SNP12	SYN1	SNP	-
Chr1	44	45	TC	T	Chr1	435	435	DEL13	SYN1	DEL	-
Chr1	63	63	T	C	Chr1	453	453	SNP14	SYN1	SNP	-
Chr1	69	69	C	CT	Chr1	459	460	INS15	SYN1	INS	-
Chr1	72	72	A	G	Chr1	463	463	SNP16	SYN1	SNP	-
Chr1	73	73	C	G	Chr1	464	464	SNP17	SYN1	SNP	-
Chr1	77	78	CA	C	Chr1	468	468	DEL18	SYN1	DEL	-
Chr1	80	80	G	T	Chr1	470	470	SNP19	SYN1	SNP	-
Chr1	83	84	TC	T	Chr1	473	473	DEL20	SYN1	DEL	-
Chr1	88	88	A	T	Chr1	477	477	SNP21	SYN1	SNP	-
Chr1	92	92	A	C	Chr1	481	481	SNP22	SYN1	SNP	-
Chr1	98	98	T	A	Chr1	487	487	SNP23	SYN1	SNP	-
Chr1	110	110	G	T	Chr1	499	499	SNP24	SYN1	SNP	-
Chr1	123	123	C	T	Chr1	512	512	SNP25	SYN1	SNP	-
Chr1	177	177	C	T	Chr1	566	566	SNP26	SYN1	SNP	-
Chr1	189	189	T	C	Chr1	578	578	SNP27	SYN1	SNP	-
Chr1	219	219	C	T	Chr1	608	608	SNP28	SYN1	SNP	-
Chr1	253	253	T	C	Chr1	642	642	SNP29	SYN1	SNP	-
Chr1	270	270	G	A	Chr1	659	659	SNP30	SYN1	SNP	-
Chr1	276	276	T	G	Chr1	665	665	SNP31	SYN1	SNP	-
Chr1	311	311	G	A	Chr1	700	700	SNP32	SYN1	SNP	-
Chr1	502	502	T	C	Chr1	891	891	SNP33	SYN1	SNP	-
Chr1	508	508	T	C	Chr1	897	897	SNP34	SYN1	SNP	-
Chr1	575	575	G	T	Chr1	964	964	SNP35	SYN1	SNP	-
Chr1	603	603	G	A	Chr1	992	992	SNP36	SYN1	SNP	-
Chr1	698	698	G	A	Chr1	1087	1087	SNP37	SYN1	SNP	-
Chr1	711	711	T	C	Chr1	1100	1100	SNP38	SYN1	SNP	-
Chr1	755	755	T	C	Chr1	1144	1144	SNP39	SYN1	SNP	-
Chr1	892	892	T	G	Chr1	1281	1281	SNP40	SYN1	SNP	-
Chr1	1028	1043	TTATGACTTAAGAACT	T	Chr1	1417	1417	DEL41	SYN1	DEL	-
Chr1	1066	1066	C	CA	Chr1	1440	1441	INS42	SYN1	INS	-
Chr1	1072	1072	A	C	Chr1	1447	1447	SNP43	SYN1	SNP	-
Chr1	1075	1075	T	C	Chr1	1450	1450	SNP44	SYN1	SNP	-
Chr1	1078	1078	C	A	Chr1	1453	1453	SNP45	SYN1	SNP	-
Chr1	1084	1084	C	A	Chr1	1459	1459	SNP46	SYN1	SNP	-
Chr1	1091	1092	aC	a	Chr1	1466	1466	DEL47	SYN1	DEL	-
Chr1	1143	1143	T	A	Chr1	1517	1517	SNP48	SYN1	SNP	-
Chr1	1144	1148	aTGGT	a	Chr1	1518	1518	DEL49	SYN1	DEL	-
Chr1	1149	1149	T	C	Chr1	1519	1519	SNP50	SYN1	SNP	-
Chr1	1150	1150	A	C	Chr1	1520	1520	SNP51	SYN1	SNP	-
Chr1	1287	1287	C	T	Chr1	1657	1657	SNP52	SYN1	SNP	-
Chr1	1588	1608	ATGGAAGATGTGAATGAAGTT	A	Chr1	1958	1958	DEL53	SYN1	DEL	-
Chr1	2336	2336	A	ATA	Chr1	2686	2688	INS54	SYN1	INS	-
Chr1	2722	2726	ATGCA	A	Chr1	3074	3074	DEL55	SYN1	DEL	-
Chr1	2748	2748	C	A	Chr1	3096	3096	SNP56	SYN1	SNP	-
Chr1	2826	2826	G	T	Chr1	3174	3174	SNP57	SYN1	SNP	-
Chr1	2881	2881	A	G	Chr1	3229	3229	SNP58	SYN1	SNP	-
Chr1	3569	3569	a	aA	Chr1	3917	3918	INS59	SYN1	INS	-
Chr1	4311	4321	aTGTGGATATA	a	Chr1	4660	4660	DEL60	SYN1	DEL	-
Chr1	4426	4426	T	TTTTGACAG	Chr1	4765	4773	INS61	SYN1	INS	-
Chr1	4880	4880	C	T	Chr1	5227	5227	SNP62	SYN1	SNP	-
Chr1	5686	5697	tTTGTTTTTTTT	t	Chr1	6033	6033	DEL63	SYN1	DEL	-
Chr1	5936	5936	G	T	Chr1	6272	6272	SNP64	SYN1	SNP	-
Chr1	5975	5975	T	G	Chr1	6311	6311	SNP65	SYN1	SNP	-
Chr1	6063	6063	T	C	Chr1	6399	6399	SNP66	SYN1	SNP	-
Chr1	6327	6327	a	aA	Chr1	6663	6664	INS67	SYN1	INS	-
Chr1	6514	6514	T	C	Chr1	6851	6851	SNP68	SYN1	SNP	-
Chr1	6528	6528	C	T	Chr1	6865	6865	SNP69	SYN1	SNP	-
Chr1	6744	6744	T	TCGGCCGCGCGTGGCCAATTAGTTGTTTTCTTAC	Chr1	7081	7114	INS70	SYN1	INS	-
Chr1	6768	6768	A	G	Chr1	7138	7138	SNP71	SYN1	SNP	-
Chr1	7121	7121	A	C	Chr1	7491	7491	SNP72	SYN1	SNP	-
Chr1	7202	7202	A	T	Chr1	7572	7572	SNP73	SYN1	SNP	-
Chr1	7203	7203	A	G	Chr1	7573	7573	SNP74	SYN1	SNP	-
Chr1	7206	7206	A	G	Chr1	7576	7576	SNP75	SYN1	SNP	-
Chr1	7464	7464	A	T	Chr1	7834	7834	SNP76	SYN1	SNP	-
Chr1	7601	7601	C	T	Chr1	7971	7971	SNP77	SYN1	SNP	-
Chr1	8014	8015	aA	a	Chr1	8384	8384	DEL78	SYN1	DEL	-
Chr1	8617	8617	G	A	Chr1	8986	8986	SNP79	SYN1	SNP	-
Chr1	8698	8698	t	tCTCTCTCTCTCTCTCTCTCTCTTGCTCTCT	Chr1	9067	9097	INS80	SYN1	INS	-
Chr1	8881	8905	aAATAGTTCAATTTGGATCAAAATC	a	Chr1	9280	9280	DEL81	SYN1	DEL	-
Chr1	8907	8916	TGTCCATATG	T	Chr1	9282	9282	DEL82	SYN1	DEL	-
Chr1	9846	9846	G	A	Chr1	10212	10212	SNP83	SYN1	SNP	-
Chr1	9936	9936	C	T	Chr1	10302	10302	SNP84	SYN1	SNP	-
Chr1	9952	9952	G	A	Chr1	10318	10318	SNP85	SYN1	SNP	-
Chr1	9971	9975	cATAT	c	Chr1	10337	10337	DEL86	SYN1	DEL	-
Chr1	10219	10219	T	A	Chr1	10581	10581	SNP87	SYN1	SNP	-
Chr1	10360	10360	T	C	Chr1	10722	10722	SNP88	SYN1	SNP	-
Chr1	10449	10449	A	T	Chr1	10811	10811	SNP89	SYN1	SNP	-
Chr1	10532	10532	T	C	Chr1	10894	10894	SNP90	SYN1	SNP	-
Chr1	10592	10593	aA	a	Chr1	10954	10954	DEL91	SYN1	DEL	-
Chr1	10595	10595	A	C	Chr1	10956	10956	SNP92	SYN1	SNP	-
Chr1	10599	10599	A	T	Chr1	10960	10960	SNP93	SYN1	SNP	-
Chr1	10969	10969	A	G	Chr1	11330	11330	SNP94	SYN1	SNP	-
Chr1	11293	11293	G	A	Chr1	11654	11654	SNP95	SYN1	SNP	-
Chr1	11304	11305	CT	C	Chr1	11665	11665	DEL96	SYN1	DEL	-
Chr1	11493	11493	G	A	Chr1	11853	11853	SNP97	SYN1	SNP	-
Chr1	11535	11535	A	C	Chr1	11895	11895	SNP98	SYN1	SNP	-
Chr1	11696	11696	C	A	Chr1	12056	12056	SNP99	SYN1	SNP	-
Chr1	12584	12584	A	C	Chr1	12944	12944	SNP100	SYN1	SNP	-
Chr1	12659	12659	A	C	Chr1	13019	13019	SNP101	SYN1	SNP	-
Chr1	13012	13020	tTTGGTTTT	t	Chr1	13372	13372	DEL102	SYN1	DEL	-
Chr1	13260	13260	G	A	Chr1	13612	13612	SNP103	SYN1	SNP	-
Chr1	13356	13356	a	aGA	Chr1	13708	13710	INS104	SYN1	INS	-
Chr1	13538	13538	T	A	Chr1	13892	13892	SNP105	SYN1	SNP	-
Chr1	13542	13542	C	T	Chr1	13896	13896	SNP106	SYN1	SNP	-
Chr1	13893	13893	A	C	Chr1	14247	14247	SNP107	SYN1	SNP	-
Chr1	14911	14911	G	GG	Chr1	15265	15266	INS108	SYN1	INS	-
Chr1	14999	14999	a	aAAA	Chr1	15354	15357	INS109	SYN1	INS	-
Chr1	15217	15217	a	aA	Chr1	15575	15576	INS110	SYN1	INS	-
Chr1	15894	15894	a	aTATATATT	Chr1	16253	16261	INS111	SYN1	INS	-
Chr1	16410	16410	G	T	Chr1	16777	16777	SNP112	SYN1	SNP	-
Chr1	16449	16449	A	T	Chr1	16816	16816	SNP113	SYN1	SNP	-
Chr1	16820	16820	t	tAC	Chr1	17187	17189	INS114	SYN1	INS	-
Chr1	16824	16824	A	G	Chr1	17193	17193	SNP115	SYN1	SNP	-
Chr1	16825	16825	C	T	Chr1	17194	17194	SNP116	SYN1	SNP	-
Chr1	16826	16827	gT	g	Chr1	17195	17195	DEL117	SYN1	DEL	-
Chr1	16840	16840	C	T	Chr1	17208	17208	SNP118	SYN1	SNP	-
Chr1	16855	16855	T	A	Chr1	17223	17223	SNP119	SYN1	SNP	-
Chr1	16956	16956	C	T	Chr1	17324	17324	SNP120	SYN1	SNP	-
Chr1	17002	17002	G	T	Chr1	17370	17370	SNP121	SYN1	SNP	-
Chr1	17011	18730	tctactatattatttaggaaatacattttaaatataaccttattttttgtaagtaattacataggtatgccattagaaataaaattttaaagagtaaattaattcatttctttaaaaattaaaaagtcaaatactaatttaattaattaaatttaactcaaaaacgaaatacattattaatttccaaaaaagtaaccaattaaaatcaacaaattagatttgatatctaaattatcatattaatttttaaaatgtaaccttattttttgtaagtaattacataggtatgccattagaaataaaattttaaagagtaaattaattcatttctttaaaaattaaaaagtcaaatactaatttaattaattaaatttaactcaaaaacgaaatacattattaatttccaaaaaagtaaccaattataatcaacaaattagatttgatatctaaattatcatattaattttttattaattattatagttcacctctcatctttatatgattctatttttgcaaaaaaataatatcatcgttataaaaaaataattagatttttttcgcatatgccacaatttgaatttttaaaaacgaatataaattgttcaatacatgaaaaaatactATAACGGGTCAAAAGTAGATTTCAGAAAAAACTTTACTGAGTACTGTGTCATagtttgaatatttatattcaatttcatacatattattttaaaatttataatcttatatactacaataattaataacatattagattttttaatgtgtatgatgtgattcaatttttaatacaagctgaaAAATCCTACAATTAACGggtttaaatcaatattaatacaagatggttACTACAtgtgaaactctaaaattaacaatcaaaatacaagtttataattttaaacactaaacaatataaataatatcaacaaaacatatacaactcgcagtttactatacatttaaaatcaaataaaataatatcatatatttataatcaactttacaataaaagtttttagtttaactaaaatataagacTACCTGCTGTATAATgcaagttaaaattataaataagcagATTACCATCACGATGGATGTACCTTCTCACATACACacctatcaaaaacttaaaacctttcaaaacctcttggtatattcaaattaggattcttcattcatGGAATCATTATTCCAAGGGTTTTGGGATGtcttatgaaatgattttggcagaagaggatgtaaatttttttgaataaaaagtagtcaccaaaatatatgttttattgggattttttagataattaaatcagaGAATAGGGCTGGGCATATGAGTAACCCATTCGAGTTCGGGTAGAACCCGTTCGGGTTTGGGATTAATGGGTATATGATTTACTACCTaatagaataattctaaatattcggTTCGGGTCGCGTCCAGTTGGGTTTAGGTCAGTTTGGATGAAAAGTTTCAGGCCctaaaaatactcaaaaaatagaaacgggTATTTTGTATGTAGATAGTGCgtctccaaacaaaaaaaaacttttaaatttattaagttttaataaatttaattatatttgaatatattttactaaagtttgacaaatataacaaataattttgacaaacataacaaacataacaaagtatacaatttaatttatacaaaatattaatgcccGTGTTGTATAGCACGGATTATGATCTAGT	t	Chr1	17379	17379	DEL1	SYN1	DEL	-
Chr1	18731	61271	-	-	Chr1	17379	59940	SYNAL2	SYN1	SYNAL	-
Chr1	18756	18756	G	A	Chr1	17404	17404	SNP122	SYN1	SNP	-
Chr1	18790	18790	C	G	Chr1	17438	17438	SNP123	SYN1	SNP	-
Chr1	18923	18923	t	tAT	Chr1	17571	17573	INS124	SYN1	INS	-
Chr1	18968	18969	tT	t	Chr1	17618	17618	DEL125	SYN1	DEL	-
Chr1	19084	19084	T	C	Chr1	17733	17733	SNP126	SYN1	SNP	-
Chr1	19532	19532	C	T	Chr1	18181	18181	SNP127	SYN1	SNP	-
Chr1	19819	19819	A	T	Chr1	18468	18468	SNP128	SYN1	SNP	-
Chr1	19931	19931	C	A	Chr1	18580	18580	SNP129	SYN1	SNP	-
Chr1	19932	19932	T	A	Chr1	18581	18581	SNP130	SYN1	SNP	-
Chr1	20387	20387	t	tAT	Chr1	19036	19038	INS131	SYN1	INS	-
Chr1	20461	20461	G	GCATG	Chr1	19112	19116	INS132	SYN1	INS	-
Chr1	20486	20486	T	C	Chr1	19141	19141	SNP133	SYN1	SNP	-
Chr1	20531	20531	t	tA	Chr1	19186	19187	INS134	SYN1	INS	-
Chr1	20532	20532	t	tA	Chr1	19188	19189	INS135	SYN1	INS	-
Chr1	20720	20720	G	T	Chr1	19377	19377	SNP136	SYN1	SNP	-
Chr1	20801	20802	tT	t	Chr1	19458	19458	DEL137	SYN1	DEL	-
Chr1	20821	20821	G	A	Chr1	19477	19477	SNP138	SYN1	SNP	-
Chr1	21043	21043	T	A	Chr1	19699	19699	SNP139	SYN1	SNP	-
Chr1	21128	21128	A	T	Chr1	19784	19784	SNP140	SYN1	SNP	-
Chr1	21829	21829	T	C	Chr1	20485	20485	SNP141	SYN1	SNP	-
Chr1	22029	22029	T	TTCTATCGGCTCAAACGAACTTAT	Chr1	20685	20708	INS142	SYN1	INS	-
Chr1	22142	22142	G	C	Chr1	20821	20821	SNP143	SYN1	SNP	-
Chr1	22515	22516	CG	C	Chr1	21194	21194	DEL144	SYN1	DEL	-
Chr1	22520	22526	TTGCAGG	T	Chr1	21198	21198	DEL145	SYN1	DEL	-
Chr1	22528	22529	AG	A	Chr1	21200	21200	DEL146	SYN1	DEL	-
Chr1	22531	22532	GT	G	Chr1	21202	21202	DEL147	SYN1	DEL	-
Chr1	22533	22534	CT	C	Chr1	21203	21203	DEL148	SYN1	DEL	-
Chr1	22535	22536	CG	C	Chr1	21204	21204	DEL149	SYN1	DEL	-
Chr1	22538	22538	C	T	Chr1	21206	21206	SNP150	SYN1	SNP	-
Chr1	22540	22555	aAAAGGAGAGGAAGAG	a	Chr1	21208	21208	DEL151	SYN1	DEL	-
Chr1	22557	22561	tGAGA	t	Chr1	21210	21210	DEL152	SYN1	DEL	-
Chr1	22768	22768	A	T	Chr1	21417	21417	SNP153	SYN1	SNP	-
Chr1	23085	23085	A	G	Chr1	21734	21734	SNP154	SYN1	SNP	-
Chr1	23145	23145	g	gAGAGA	Chr1	21794	21799	INS155	SYN1	INS	-
Chr1	23147	23147	a	aG	Chr1	21801	21802	INS156	SYN1	INS	-
Chr1	23235	23235	C	T	Chr1	21890	21890	SNP157	SYN1	SNP	-
Chr1	24466	24466	G	C	Chr1	23121	23121	SNP158	SYN1	SNP	-
Chr1	24489	24489	A	T	Chr1	23144	23144	SNP159	SYN1	SNP	-
Chr1	25513	25513	C	A	Chr1	24168	24168	SNP160	SYN1	SNP	-
Chr1	25773	25773	C	T	Chr1	24428	24428	SNP161	SYN1	SNP	-
Chr1	26041	26041	A	T	Chr1	24696	24696	SNP162	SYN1	SNP	-
Chr1	26251	26251	A	C	Chr1	24906	24906	SNP163	SYN1	SNP	-
Chr1	26288	26288	A	T	Chr1	24943	24943	SNP164	SYN1	SNP	-
Chr1	29095	29095	a	aTATATATATA	Chr1	27750	27760	INS165	SYN1	INS	-
Chr1	29109	29110	cT	c	Chr1	27774	27774	DEL166	SYN1	DEL	-
Chr1	30069	30069	A	G	Chr1	28733	28733	SNP167	SYN1	SNP	-
Chr1	31449	31449	G	A	Chr1	30113	30113	SNP168	SYN1	SNP	-
Chr1	31515	31515	G	A	Chr1	30179	30179	SNP169	SYN1	SNP	-
Chr1	32210	32210	T	C	Chr1	30874	30874	SNP170	SYN1	SNP	-
Chr1	32364	32364	G	C	Chr1	31028	31028	SNP171	SYN1	SNP	-
Chr1	32494	32494	A	G	Chr1	31158	31158	SNP172	SYN1	SNP	-
Chr1	32542	32542	T	A	Chr1	31206	31206	SNP173	SYN1	SNP	-
Chr1	32807	32807	A	G	Chr1	31471	31471	SNP174	SYN1	SNP	-
Chr1	32854	32854	A	C	Chr1	31518	31518	SNP175	SYN1	SNP	-
Chr1	33208	33208	C	CC	Chr1	31872	31873	INS176	SYN1	INS	-
Chr1	33608	33608	C	CAATAGAGAC	Chr1	32273	32282	INS177	SYN1	INS	-
Chr1	33647	33647	T	A	Chr1	32321	32321	SNP178	SYN1	SNP	-
Chr1	33651	33651	T	A	Chr1	32325	32325	SNP179	SYN1	SNP	-
Chr1	33906	33906	C	G	Chr1	32580	32580	SNP180	SYN1	SNP	-
Chr1	34345	34345	G	C	Chr1	33019	33019	SNP181	SYN1	SNP	-
Chr1	34599	34599	G	C	Chr1	33273	33273	SNP182	SYN1	SNP	-
Chr1	35551	35551	G	C	Chr1	34225	34225	SNP183	SYN1	SNP	-
Chr1	35727	35727	A	T	Chr1	34401	34401	SNP184	SYN1	SNP	-
Chr1	35856	35856	C	T	Chr1	34530	34530	SNP185	SYN1	SNP	-
Chr1	36475	36476	AA	A	Chr1	35149	35149	DEL186	SYN1	DEL	-
Chr1	36596	36596	A	C	Chr1	35269	35269	SNP187	SYN1	SNP	-
Chr1	36930	36930	t	tT	Chr1	35603	35604	INS188	SYN1	INS	-
Chr1	36939	36939	c	cA	Chr1	35613	35614	INS189	SYN1	INS	-
Chr1	36976	36977	aT	a	Chr1	35651	35651	DEL190	SYN1	DEL	-
Chr1	36986	36987	cA	c	Chr1	35660	35660	DEL191	SYN1	DEL	-
Chr1	37072	37072	G	T	Chr1	35745	35745	SNP192	SYN1	SNP	-
Chr1	37138	37138	C	G	Chr1	35811	35811	SNP193	SYN1	SNP	-
Chr1	37150	37159	GAAAGTTTTC	G	Chr1	35823	35823	DEL194	SYN1	DEL	-
Chr1	37245	37245	A	C	Chr1	35909	35909	SNP195	SYN1	SNP	-
Chr1	37268	37268	C	A	Chr1	35932	35932	SNP196	SYN1	SNP	-
Chr1	37273	37273	t	tTC	Chr1	35937	35939	INS197	SYN1	INS	-
Chr1	37350	37351	aT	a	Chr1	36016	36016	DEL198	SYN1	DEL	-
Chr1	37422	37422	A	T	Chr1	36087	36087	SNP199	SYN1	SNP	-
Chr1	37437	37437	C	T	Chr1	36102	36102	SNP200	SYN1	SNP	-
Chr1	37666	37667	cG	c	Chr1	36331	36331	DEL201	SYN1	DEL	-
Chr1	37771	37771	a	aGAA	Chr1	36435	36438	INS202	SYN1	INS	-
Chr1	37890	37890	A	C	Chr1	36557	36557	SNP203	SYN1	SNP	-
Chr1	38526	38526	C	T	Chr1	37193	37193	SNP204	SYN1	SNP	-
Chr1	38857	38865	AACAGTTAT	A	Chr1	37524	37524	DEL205	SYN1	DEL	-
Chr1	38946	38946	A	C	Chr1	37605	37605	SNP206	SYN1	SNP	-
Chr1	39060	39060	G	T	Chr1	37719	37719	SNP207	SYN1	SNP	-
Chr1	39061	39061	A	G	Chr1	37720	37720	SNP208	SYN1	SNP	-
Chr1	39062	39062	C	G	Chr1	37721	37721	SNP209	SYN1	SNP	-
Chr1	39067	39067	A	T	Chr1	37726	37726	SNP210	SYN1	SNP	-
Chr1	39075	39081	TGTTGTA	T	Chr1	37734	37734	DEL211	SYN1	DEL	-
Chr1	39165	39165	G	T	Chr1	37818	37818	SNP212	SYN1	SNP	-
Chr1	39751	39751	G	T	Chr1	38404	38404	SNP213	SYN1	SNP	-
Chr1	39802	39802	C	T	Chr1	38455	38455	SNP214	SYN1	SNP	-
Chr1	40010	40010	T	C	Chr1	38663	38663	SNP215	SYN1	SNP	-
Chr1	40393	40395	AAC	A	Chr1	39046	39046	DEL216	SYN1	DEL	-
Chr1	40457	40457	G	T	Chr1	39108	39108	SNP217	SYN1	SNP	-
Chr1	40465	40465	G	A	Chr1	39116	39116	SNP218	SYN1	SNP	-
Chr1	40561	40561	T	C	Chr1	39212	39212	SNP219	SYN1	SNP	-
Chr1	40583	40587	cATAT	c	Chr1	39234	39234	DEL220	SYN1	DEL	-
Chr1	40599	40599	C	A	Chr1	39246	39246	SNP221	SYN1	SNP	-
Chr1	40665	40665	C	A	Chr1	39312	39312	SNP222	SYN1	SNP	-
Chr1	40707	40707	T	G	Chr1	39354	39354	SNP223	SYN1	SNP	-
Chr1	40890	40890	a	aTA	Chr1	39537	39539	INS224	SYN1	INS	-
Chr1	40982	40983	aA	a	Chr1	39631	39631	DEL225	SYN1	DEL	-
Chr1	41146	41146	T	G	Chr1	39794	39794	SNP226	SYN1	SNP	-
Chr1	41360	41360	t	tTTTATA	Chr1	40008	40014	INS227	SYN1	INS	-
Chr1	41384	41384	a	aTT	Chr1	40038	40040	INS228	SYN1	INS	-
Chr1	41566	41566	a	aTATATATATATATA	Chr1	40222	40236	INS229	SYN1	INS	-
Chr1	41668	41668	A	T	Chr1	40338	40338	SNP230	SYN1	SNP	-
Chr1	42255	42255	G	A	Chr1	40925	40925	SNP231	SYN1	SNP	-
Chr1	42435	42435	C	CTT	Chr1	41105	41107	INS232	SYN1	INS	-
Chr1	42441	42441	C	A	Chr1	41113	41113	SNP233	SYN1	SNP	-
Chr1	42463	42463	C	T	Chr1	41135	41135	SNP234	SYN1	SNP	-
Chr1	42488	42488	A	G	Chr1	41160	41160	SNP235	SYN1	SNP	-
Chr1	42869	42869	T	G	Chr1	41541	41541	SNP236	SYN1	SNP	-
Chr1	43025	43025	G	T	Chr1	41697	41697	SNP237	SYN1	SNP	-
Chr1	43171	43171	A	T	Chr1	41843	41843	SNP238	SYN1	SNP	-
Chr1	43172	43172	A	T	Chr1	41844	41844	SNP239	SYN1	SNP	-
Chr1	44130	44130	t	tTT	Chr1	42802	42804	INS240	SYN1	INS	-
Chr1	44194	44194	G	T	Chr1	42868	42868	SNP241	SYN1	SNP	-
Chr1	44204	44204	T	TAATAC	Chr1	42878	42883	INS242	SYN1	INS	-
Chr1	44215	44215	T	A	Chr1	42894	42894	SNP243	SYN1	SNP	-
Chr1	44567	44567	C	A	Chr1	43246	43246	SNP244	SYN1	SNP	-
Chr1	44601	44601	A	G	Chr1	43280	43280	SNP245	SYN1	SNP	-
Chr1	44603	44603	C	T	Chr1	43282	43282	SNP246	SYN1	SNP	-
Chr1	44640	44640	A	C	Chr1	43319	43319	SNP247	SYN1	SNP	-
Chr1	44667	44667	C	T	Chr1	43346	43346	SNP248	SYN1	SNP	-
Chr1	44679	44679	G	A	Chr1	43358	43358	SNP249	SYN1	SNP	-
Chr1	44680	44680	C	T	Chr1	43359	43359	SNP250	SYN1	SNP	-
Chr1	44762	44762	C	T	Chr1	43441	43441	SNP251	SYN1	SNP	-
Chr1	44773	44773	A	T	Chr1	43452	43452	SNP252	SYN1	SNP	-
Chr1	44778	44778	T	G	Chr1	43457	43457	SNP253	SYN1	SNP	-
Chr1	44814	44815	aT	a	Chr1	43493	43493	DEL254	SYN1	DEL	-
Chr1	44822	44822	G	A	Chr1	43500	43500	SNP255	SYN1	SNP	-
Chr1	44830	44830	T	C	Chr1	43508	43508	SNP256	SYN1	SNP	-
Chr1	45135	45135	T	C	Chr1	43813	43813	SNP257	SYN1	SNP	-
Chr1	46373	46373	C	T	Chr1	45051	45051	SNP258	SYN1	SNP	-
Chr1	46882	46882	T	G	Chr1	45560	45560	SNP259	SYN1	SNP	-
Chr1	47348	47348	A	G	Chr1	46026	46026	SNP260	SYN1	SNP	-
Chr1	47502	47502	A	T	Chr1	46180	46180	SNP261	SYN1	SNP	-
Chr1	47503	47503	A	T	Chr1	46181	46181	SNP262	SYN1	SNP	-
Chr1	47512	47513	aT	a	Chr1	46190	46190	DEL263	SYN1	DEL	-
Chr1	47577	47577	G	A	Chr1	46254	46254	SNP264	SYN1	SNP	-
Chr1	47692	47692	T	G	Chr1	46369	46369	SNP265	SYN1	SNP	-
Chr1	48181	48181	T	C	Chr1	46858	46858	SNP266	SYN1	SNP	-
Chr1	49219	49221	aAA	a	Chr1	47896	47896	DEL267	SYN1	DEL	-
Chr1	49322	49322	t	tTAATTT	Chr1	47997	48003	INS268	SYN1	INS	-
Chr1	49438	49438	A	C	Chr1	48119	48119	SNP269	SYN1	SNP	-
Chr1	49530	49530	g	gACACAGATATTTG	Chr1	48211	48224	INS270	SYN1	INS	-
Chr1	49583	49583	G	A	Chr1	48277	48277	SNP271	SYN1	SNP	-
Chr1	50365	50365	A	T	Chr1	49059	49059	SNP272	SYN1	SNP	-
Chr1	50402	50406	GTTGC	G	Chr1	49096	49096	DEL273	SYN1	DEL	-
Chr1	50450	50450	G	GCTG	Chr1	49140	49143	INS274	SYN1	INS	-
Chr1	51229	51229	C	T	Chr1	49922	49922	SNP275	SYN1	SNP	-
Chr1	51602	51602	T	A	Chr1	50295	50295	SNP276	SYN1	SNP	-
Chr1	51672	51673	aA	a	Chr1	50365	50365	DEL277	SYN1	DEL	-
Chr1	51706	51706	A	T	Chr1	50398	50398	SNP278	SYN1	SNP	-
Chr1	52909	52909	A	C	Chr1	51601	51601	SNP279	SYN1	SNP	-
Chr1	53500	53500	G	A	Chr1	52192	52192	SNP280	SYN1	SNP	-
Chr1	53824	53824	G	C	Chr1	52516	52516	SNP281	SYN1	SNP	-
Chr1	53901	53901	G	A	Chr1	52593	52593	SNP282	SYN1	SNP	-
Chr1	54681	54681	G	A	Chr1	53373	53373	SNP283	SYN1	SNP	-
Chr1	54714	54714	A	T	Chr1	53406	53406	SNP284	SYN1	SNP	-
Chr1	55349	55349	T	C	Chr1	54041	54041	SNP285	SYN1	SNP	-
Chr1	55657	55672	GTGCATTGAAGACTAC	G	Chr1	54349	54349	DEL286	SYN1	DEL	-
Chr1	55675	55678	GTAA	G	Chr1	54352	54352	DEL287	SYN1	DEL	-
Chr1	55684	55684	C	T	Chr1	54358	54358	SNP288	SYN1	SNP	-
Chr1	55702	55702	T	C	Chr1	54376	54376	SNP289	SYN1	SNP	-
Chr1	55707	55707	G	C	Chr1	54381	54381	SNP290	SYN1	SNP	-
Chr1	55737	55737	C	T	Chr1	54411	54411	SNP291	SYN1	SNP	-
Chr1	55743	55743	A	G	Chr1	54417	54417	SNP292	SYN1	SNP	-
Chr1	55757	55757	A	G	Chr1	54431	54431	SNP293	SYN1	SNP	-
Chr1	55758	55758	g	gA	Chr1	54432	54433	INS294	SYN1	INS	-
Chr1	55834	55834	G	C	Chr1	54509	54509	SNP295	SYN1	SNP	-
Chr1	55844	55845	gT	g	Chr1	54519	54519	DEL296	SYN1	DEL	-
Chr1	55911	55911	T	C	Chr1	54585	54585	SNP297	SYN1	SNP	-
Chr1	56068	56068	C	G	Chr1	54742	54742	SNP298	SYN1	SNP	-
Chr1	56173	56173	T	C	Chr1	54847	54847	SNP299	SYN1	SNP	-
Chr1	56237	56239	aAA	a	Chr1	54911	54911	DEL300	SYN1	DEL	-
Chr1	56259	56259	C	A	Chr1	54931	54931	SNP301	SYN1	SNP	-
Chr1	56260	56260	G	C	Chr1	54932	54932	SNP302	SYN1	SNP	-
Chr1	56405	56405	C	T	Chr1	55077	55077	SNP303	SYN1	SNP	-
Chr1	56485	56485	C	T	Chr1	55157	55157	SNP304	SYN1	SNP	-
Chr1	56508	56508	A	G	Chr1	55180	55180	SNP305	SYN1	SNP	-
Chr1	56512	56512	T	A	Chr1	55184	55184	SNP306	SYN1	SNP	-
Chr1	56518	56518	G	A	Chr1	55190	55190	SNP307	SYN1	SNP	-
Chr1	56519	56519	A	G	Chr1	55191	55191	SNP308	SYN1	SNP	-
Chr1	56551	56551	C	A	Chr1	55223	55223	SNP309	SYN1	SNP	-
Chr1	56582	56586	TACAG	T	Chr1	55254	55254	DEL310	SYN1	DEL	-
Chr1	56610	56610	T	A	Chr1	55278	55278	SNP311	SYN1	SNP	-
Chr1	56721	56721	A	G	Chr1	55389	55389	SNP312	SYN1	SNP	-
Chr1	56893	56893	a	aA	Chr1	55561	55562	INS313	SYN1	INS	-
Chr1	57110	57110	C	G	Chr1	55779	55779	SNP314	SYN1	SNP	-
Chr1	59224	59227	aAAA	a	Chr1	57893	57893	DEL315	SYN1	DEL	-
Chr1	59495	59496	tT	t	Chr1	58161	58161	DEL316	SYN1	DEL	-
Chr1	59876	59876	A	G	Chr1	58541	58541	SNP317	SYN1	SNP	-
Chr1	59978	59978	T	TATAT	Chr1	58643	58647	INS318	SYN1	INS	-
Chr1	59992	59992	G	A	Chr1	58661	58661	SNP319	SYN1	SNP	-
Chr1	60001	60001	C	T	Chr1	58670	58670	SNP320	SYN1	SNP	-
Chr1	61053	61053	A	T	Chr1	59722	59722	SNP321	SYN1	SNP	-
Chr1	61097	61097	G	T	Chr1	59766	59766	SNP322	SYN1	SNP	-
Chr1	61272	79920	-	-	-	-	-	NOTAL1	-	NOTAL	-
-	-	-	-	-	Chr1	1	390	NOTAL2	-	NOTAL	-
