Chr1	1	1113	-	-	-	-	-	NOTAL1	-	NOTAL	-
Chr1	1114	61052	-	-	Chr1	1	59940	SYN1	-	SYN	-
Chr1	1114	61052	-	-	Chr1	1	59940	SYNAL1	SYN1	SYNAL	-
Chr1	4309	4311	aTA	a	Chr1	3196	3196	DEL2	SYN1	DEL	-
Chr1	6327	6327	a	aA	Chr1	5212	5213	INS3	SYN1	INS	-
Chr1	9984	9984	a	aTA	Chr1	8870	8872	INS4	SYN1	INS	-
Chr1	10904	10904	A	T	Chr1	9792	9792	SNP5	SYN1	SNP	-
Chr1	13356	13356	a	aGA	Chr1	12244	12246	INS6	SYN1	INS	-
Chr1	15894	15894	a	aTA	Chr1	14784	14786	INS7	SYN1	INS	-
Chr1	17397	17397	A	G	Chr1	16289	16289	SNP8	SYN1	SNP	-
Chr1	19153	19153	T	G	Chr1	18045	18045	SNP9	SYN1	SNP	-
Chr1	32210	32210	T	C	Chr1	31102	31102	SNP10	SYN1	SNP	-
Chr1	37768	37771	aGAA	a	Chr1	36660	36660	DEL11	SYN1	DEL	-
Chr1	41380	41384	aTATA	a	Chr1	40269	40269	DEL12	SYN1	DEL	-
Chr1	41566	41566	a	aTA	Chr1	40451	40453	INS13	SYN1	INS	-
Chr1	55768	55768	C	T	Chr1	54655	54655	SNP14	SYN1	SNP	-
Chr1	61053	79920	-	-	-	-	-	NOTAL2	-	NOTAL	-
