Chr1	1	1084	-	-	-	-	-	NOTAL1	-	NOTAL	-
Chr1	1085	61032	-	-	Chr1	1	59940	SYN1	-	SYN	-
Chr1	1085	61032	-	-	Chr1	1	59940	SYNAL1	SYN1	SYNAL	-
Chr1	6327	6327	a	aA	Chr1	5243	5244	INS2	SYN1	INS	-
Chr1	8698	8698	t	tCTCTCT	Chr1	7615	7621	INS3	SYN1	INS	-
Chr1	9971	9973	cAT	c	Chr1	8894	8894	DEL4	SYN1	DEL	-
Chr1	10904	10904	A	T	Chr1	9825	9825	SNP5	SYN1	SNP	-
Chr1	13356	13356	a	aGA	Chr1	12277	12279	INS6	SYN1	INS	-
Chr1	14534	14535	GA	G	Chr1	13457	13457	DEL7	SYN1	DEL	-
Chr1	18057	18057	C	T	Chr1	16979	16979	SNP8	SYN1	SNP	-
Chr1	18968	18969	tT	t	Chr1	17890	17890	DEL9	SYN1	DEL	-
Chr1	20526	20530	aTATA	a	Chr1	19447	19447	DEL10	SYN1	DEL	-
Chr1	32210	32210	T	C	Chr1	31127	31127	SNP11	SYN1	SNP	-
Chr1	37388	37388	G	T	Chr1	36305	36305	SNP12	SYN1	SNP	-
Chr1	37762	37771	aGAAGAAGAA	a	Chr1	36679	36679	DEL13	SYN1	DEL	-
Chr1	38554	38554	G	T	Chr1	37462	37462	SNP14	SYN1	SNP	-
Chr1	41361	41366	tATATA	t	Chr1	40269	40269	DEL15	SYN1	DEL	-
Chr1	41367	41368	tA	t	Chr1	40270	40270	DEL16	SYN1	DEL	-
Chr1	41566	41566	a	aTATATA	Chr1	40468	40474	INS17	SYN1	INS	-
Chr1	44118	44119	cT	c	Chr1	43026	43026	DEL18	SYN1	DEL	-
Chr1	59226	59227	aA	a	Chr1	58133	58133	DEL19	SYN1	DEL	-
Chr1	61033	79920	-	-	-	-	-	NOTAL2	-	NOTAL	-
