Chr1	1	530	-	-	-	-	-	NOTAL1	-	NOTAL	-
Chr1	531	61428	-	-	Chr1	1581	59940	SYN1	-	SYN	-
Chr1	531	17011	-	-	Chr1	1581	18118	SYNAL1	SYN1	SYNAL	-
Chr1	575	575	G	T	Chr1	1625	1625	SNP4	SYN1	SNP	-
Chr1	597	597	C	T	Chr1	1647	1647	SNP5	SYN1	SNP	-
Chr1	603	603	G	A	Chr1	1653	1653	SNP6	SYN1	SNP	-
Chr1	626	626	A	C	Chr1	1676	1676	SNP7	SYN1	SNP	-
Chr1	698	698	G	A	Chr1	1748	1748	SNP8	SYN1	SNP	-
Chr1	711	711	T	C	Chr1	1761	1761	SNP9	SYN1	SNP	-
Chr1	755	755	T	C	Chr1	1805	1805	SNP10	SYN1	SNP	-
Chr1	892	892	T	G	Chr1	1942	1942	SNP11	SYN1	SNP	-
Chr1	1067	1067	C	A	Chr1	2117	2117	SNP12	SYN1	SNP	-
Chr1	1071	1072	CA	C	Chr1	2121	2121	DEL13	SYN1	DEL	-
Chr1	1074	1075	cT	c	Chr1	2123	2123	DEL14	SYN1	DEL	-
Chr1	1078	1078	C	A	Chr1	2126	2126	SNP15	SYN1	SNP	-
Chr1	1085	1085	C	A	Chr1	2133	2133	SNP16	SYN1	SNP	-
Chr1	1091	1092	aC	a	Chr1	2139	2139	DEL17	SYN1	DEL	-
Chr1	1143	1143	T	A	Chr1	2190	2190	SNP18	SYN1	SNP	-
Chr1	1144	1148	aTGGT	a	Chr1	2191	2191	DEL19	SYN1	DEL	-
Chr1	1150	1150	A	C	Chr1	2193	2193	SNP20	SYN1	SNP	-
Chr1	1271	1274	aAAT	a	Chr1	2314	2314	DEL21	SYN1	DEL	-
Chr1	1287	1287	C	T	Chr1	2327	2327	SNP22	SYN1	SNP	-
Chr1	1588	1608	ATGGAAGATGTGAATGAAGTT	A	Chr1	2628	2628	DEL23	SYN1	DEL	-
Chr1	2336	2336	A	ATA	Chr1	3356	3358	INS24	SYN1	INS	-
Chr1	2722	2726	ATGCA	A	Chr1	3744	3744	DEL25	SYN1	DEL	-
Chr1	2748	2748	C	A	Chr1	3766	3766	SNP26	SYN1	SNP	-
Chr1	2826	2826	G	T	Chr1	3844	3844	SNP27	SYN1	SNP	-
Chr1	2881	2881	A	G	Chr1	3899	3899	SNP28	SYN1	SNP	-
Chr1	3569	3569	a	aA	Chr1	4587	4588	INS29	SYN1	INS	-
Chr1	3886	3886	T	G	Chr1	4905	4905	SNP30	SYN1	SNP	-
Chr1	4311	4311	a	aTATATA	Chr1	5330	5336	INS31	SYN1	INS	-
Chr1	4313	4313	G	A	Chr1	5338	5338	SNP32	SYN1	SNP	-
Chr1	4315	4315	G	A	Chr1	5340	5340	SNP33	SYN1	SNP	-
Chr1	4316	4316	G	T	Chr1	5341	5341	SNP34	SYN1	SNP	-
Chr1	4426	4426	T	TTTTGACAG	Chr1	5451	5459	INS35	SYN1	INS	-
Chr1	4880	4880	C	T	Chr1	5913	5913	SNP36	SYN1	SNP	-
Chr1	5687	5697	tTGTTTTTTTT	t	Chr1	6720	6720	DEL37	SYN1	DEL	-
Chr1	5936	5936	G	T	Chr1	6959	6959	SNP38	SYN1	SNP	-
Chr1	5975	5975	T	G	Chr1	6998	6998	SNP39	SYN1	SNP	-
Chr1	6063	6063	T	C	Chr1	7086	7086	SNP40	SYN1	SNP	-
Chr1	6327	6327	a	aA	Chr1	7350	7351	INS41	SYN1	INS	-
Chr1	6514	6514	T	C	Chr1	7538	7538	SNP42	SYN1	SNP	-
Chr1	6528	6528	C	T	Chr1	7552	7552	SNP43	SYN1	SNP	-
Chr1	6744	6744	T	TCGGCGCGCGTGGCCAATTAGTTGTTTTCTTAC	Chr1	7768	7800	INS44	SYN1	INS	-
Chr1	6768	6768	A	G	Chr1	7824	7824	SNP45	SYN1	SNP	-
Chr1	7121	7121	A	C	Chr1	8177	8177	SNP46	SYN1	SNP	-
Chr1	7202	7202	A	T	Chr1	8258	8258	SNP47	SYN1	SNP	-
Chr1	7203	7203	A	G	Chr1	8259	8259	SNP48	SYN1	SNP	-
Chr1	7206	7206	A	G	Chr1	8262	8262	SNP49	SYN1	SNP	-
Chr1	7464	7464	A	T	Chr1	8520	8520	SNP50	SYN1	SNP	-
Chr1	7601	7601	C	T	Chr1	8657	8657	SNP51	SYN1	SNP	-
Chr1	8014	8015	aA	a	Chr1	9070	9070	DEL52	SYN1	DEL	-
Chr1	8617	8617	G	A	Chr1	9672	9672	SNP53	SYN1	SNP	-
Chr1	8692	8692	t	tCCTCTCTCTCTCTCTCTCCTCTCCTCTCTCTCTCTCTCTCTCTCTCTCTCTCTCTCTCTCTCTCTCTCTTG	Chr1	9747	9818	INS54	SYN1	INS	-
Chr1	8881	8905	aAATAGTTCAATTTGGATCAAAATC	a	Chr1	10007	10007	DEL55	SYN1	DEL	-
Chr1	8907	8916	TGTCCATATG	T	Chr1	10009	10009	DEL56	SYN1	DEL	-
Chr1	9846	9846	G	A	Chr1	10939	10939	SNP57	SYN1	SNP	-
Chr1	9952	9952	G	A	Chr1	11045	11045	SNP58	SYN1	SNP	-
Chr1	9971	9975	cATAT	c	Chr1	11064	11064	DEL59	SYN1	DEL	-
Chr1	10219	10219	T	A	Chr1	11308	11308	SNP60	SYN1	SNP	-
Chr1	10360	10360	T	C	Chr1	11449	11449	SNP61	SYN1	SNP	-
Chr1	10449	10449	A	T	Chr1	11538	11538	SNP62	SYN1	SNP	-
Chr1	10595	10595	A	C	Chr1	11684	11684	SNP63	SYN1	SNP	-
Chr1	10599	10599	A	T	Chr1	11688	11688	SNP64	SYN1	SNP	-
Chr1	10969	10969	A	G	Chr1	12058	12058	SNP65	SYN1	SNP	-
Chr1	11286	11286	A	G	Chr1	12375	12375	SNP66	SYN1	SNP	-
Chr1	11293	11293	G	A	Chr1	12382	12382	SNP67	SYN1	SNP	-
Chr1	11304	11305	CT	C	Chr1	12393	12393	DEL68	SYN1	DEL	-
Chr1	11493	11493	G	A	Chr1	12581	12581	SNP69	SYN1	SNP	-
Chr1	11535	11535	A	C	Chr1	12623	12623	SNP70	SYN1	SNP	-
Chr1	11696	11696	C	A	Chr1	12784	12784	SNP71	SYN1	SNP	-
Chr1	12035	12035	C	A	Chr1	13123	13123	SNP72	SYN1	SNP	-
Chr1	12584	12584	A	C	Chr1	13672	13672	SNP73	SYN1	SNP	-
Chr1	12659	12659	A	C	Chr1	13747	13747	SNP74	SYN1	SNP	-
Chr1	13014	13016	tGG	t	Chr1	14102	14102	DEL75	SYN1	DEL	-
Chr1	13260	13260	G	A	Chr1	14346	14346	SNP76	SYN1	SNP	-
Chr1	13356	13356	a	aGA	Chr1	14442	14444	INS77	SYN1	INS	-
Chr1	13538	13538	T	A	Chr1	14626	14626	SNP78	SYN1	SNP	-
Chr1	14999	14999	a	aAAAA	Chr1	16087	16091	INS79	SYN1	INS	-
Chr1	15833	15833	T	C	Chr1	16925	16925	SNP80	SYN1	SNP	-
Chr1	15894	15894	a	aTATATATA	Chr1	16986	16994	INS81	SYN1	INS	-
Chr1	16410	16410	G	T	Chr1	17510	17510	SNP82	SYN1	SNP	-
Chr1	16449	16449	A	T	Chr1	17549	17549	SNP83	SYN1	SNP	-
Chr1	16564	16564	a	aTATA	Chr1	17664	17668	INS84	SYN1	INS	-
Chr1	16820	16820	t	tAC	Chr1	17924	17926	INS85	SYN1	INS	-
Chr1	16824	16824	A	G	Chr1	17930	17930	SNP86	SYN1	SNP	-
Chr1	16825	16825	C	T	Chr1	17931	17931	SNP87	SYN1	SNP	-
Chr1	16827	16827	t	tG	Chr1	17933	17934	INS88	SYN1	INS	-
Chr1	16840	16840	C	T	Chr1	17947	17947	SNP89	SYN1	SNP	-
Chr1	16855	16855	T	A	Chr1	17962	17962	SNP90	SYN1	SNP	-
Chr1	16956	16956	C	T	Chr1	18063	18063	SNP91	SYN1	SNP	-
Chr1	17002	17002	G	T	Chr1	18109	18109	SNP92	SYN1	SNP	-
Chr1	17011	18730	tctactatattatttaggaaatacattttaaatataaccttattttttgtaagtaattacataggtatgccattagaaataaaattttaaagagtaaattaattcatttctttaaaaattaaaaagtcaaatactaatttaattaattaaatttaactcaaaaacgaaatacattattaatttccaaaaaagtaaccaattaaaatcaacaaattagatttgatatctaaattatcatattaatttttaaaatgtaaccttattttttgtaagtaattacataggtatgccattagaaataaaattttaaagagtaaattaattcatttctttaaaaattaaaaagtcaaatactaatttaattaattaaatttaactcaaaaacgaaatacattattaatttccaaaaaagtaaccaattataatcaacaaattagatttgatatctaaattatcatattaattttttattaattattatagttcacctctcatctttatatgattctatttttgcaaaaaaataatatcatcgttataaaaaaataattagatttttttcgcatatgccacaatttgaatttttaaaaacgaatataaattgttcaatacatgaaaaaatactATAACGGGTCAAAAGTAGATTTCAGAAAAAACTTTACTGAGTACTGTGTCATagtttgaatatttatattcaatttcatacatattattttaaaatttataatcttatatactacaataattaataacatattagattttttaatgtgtatgatgtgattcaatttttaatacaagctgaaAAATCCTACAATTAACGggtttaaatcaatattaatacaagatggttACTACAtgtgaaactctaaaattaacaatcaaaatacaagtttataattttaaacactaaacaatataaataatatcaacaaaacatatacaactcgcagtttactatacatttaaaatcaaataaaataatatcatatatttataatcaactttacaataaaagtttttagtttaactaaaatataagacTACCTGCTGTATAATgcaagttaaaattataaataagcagATTACCATCACGATGGATGTACCTTCTCACATACACacctatcaaaaacttaaaacctttcaaaacctcttggtatattcaaattaggattcttcattcatGGAATCATTATTCCAAGGGTTTTGGGATGtcttatgaaatgattttggcagaagaggatgtaaatttttttgaataaaaagtagtcaccaaaatatatgttttattgggattttttagataattaaatcagaGAATAGGGCTGGGCATATGAGTAACCCATTCGAGTTCGGGTAGAACCCGTTCGGGTTTGGGATTAATGGGTATATGATTTACTACCTaatagaataattctaaatattcggTTCGGGTCGCGTCCAGTTGGGTTTAGGTCAGTTTGGATGAAAAGTTTCAGGCCctaaaaatactcaaaaaatagaaacgggTATTTTGTATGTAGATAGTGCgtctccaaacaaaaaaaaacttttaaatttattaagttttaataaatttaattatatttgaatatattttactaaagtttgacaaatataacaaataattttgacaaacataacaaacataacaaagtatacaatttaatttatacaaaatattaatgcccGTGTTGTATAGCACGGATTATGATCTAGT	t	Chr1	18118	18118	DEL1	SYN1	DEL	-
Chr1	18731	55676	-	-	Chr1	18118	55092	SYNAL2	SYN1	SYNAL	-
Chr1	18756	18756	G	A	Chr1	18143	18143	SNP93	SYN1	SNP	-
Chr1	18790	18790	C	G	Chr1	18177	18177	SNP94	SYN1	SNP	-
Chr1	18923	18923	t	tAT	Chr1	18310	18312	INS95	SYN1	INS	-
Chr1	18961	18961	T	C	Chr1	18350	18350	SNP96	SYN1	SNP	-
Chr1	19532	19532	C	T	Chr1	18921	18921	SNP97	SYN1	SNP	-
Chr1	19819	19819	A	T	Chr1	19208	19208	SNP98	SYN1	SNP	-
Chr1	19908	19908	G	A	Chr1	19297	19297	SNP99	SYN1	SNP	-
Chr1	19931	19931	C	A	Chr1	19320	19320	SNP100	SYN1	SNP	-
Chr1	19932	19932	T	A	Chr1	19321	19321	SNP101	SYN1	SNP	-
Chr1	20461	20461	G	GCATG	Chr1	19850	19854	INS102	SYN1	INS	-
Chr1	20486	20486	T	C	Chr1	19879	19879	SNP103	SYN1	SNP	-
Chr1	20531	20531	t	tATATATATATATATATATATATA	Chr1	19924	19947	INS104	SYN1	INS	-
Chr1	20532	20532	t	tA	Chr1	19948	19949	INS105	SYN1	INS	-
Chr1	20720	20720	G	T	Chr1	20137	20137	SNP106	SYN1	SNP	-
Chr1	20801	20802	tT	t	Chr1	20218	20218	DEL107	SYN1	DEL	-
Chr1	21043	21043	T	A	Chr1	20459	20459	SNP108	SYN1	SNP	-
Chr1	21072	21072	C	T	Chr1	20488	20488	SNP109	SYN1	SNP	-
Chr1	21128	21128	A	T	Chr1	20544	20544	SNP110	SYN1	SNP	-
Chr1	21829	21829	T	C	Chr1	21245	21245	SNP111	SYN1	SNP	-
Chr1	22029	22029	T	TTCTATCGGCTCAAACGAACTTAT	Chr1	21445	21468	INS112	SYN1	INS	-
Chr1	22142	22142	G	C	Chr1	21581	21581	SNP113	SYN1	SNP	-
Chr1	22320	22320	C	T	Chr1	21759	21759	SNP114	SYN1	SNP	-
Chr1	22515	22516	CG	C	Chr1	21954	21954	DEL115	SYN1	DEL	-
Chr1	22520	22526	TTGCAGG	T	Chr1	21958	21958	DEL116	SYN1	DEL	-
Chr1	22528	22529	AG	A	Chr1	21960	21960	DEL117	SYN1	DEL	-
Chr1	22531	22532	GT	G	Chr1	21962	21962	DEL118	SYN1	DEL	-
Chr1	22533	22534	CT	C	Chr1	21963	21963	DEL119	SYN1	DEL	-
Chr1	22535	22536	CG	C	Chr1	21964	21964	DEL120	SYN1	DEL	-
Chr1	22538	22538	C	T	Chr1	21966	21966	SNP121	SYN1	SNP	-
Chr1	22540	22555	aAAAGGAGAGGAAGAG	a	Chr1	21968	21968	DEL122	SYN1	DEL	-
Chr1	22557	22561	tGAGA	t	Chr1	21970	21970	DEL123	SYN1	DEL	-
Chr1	22768	22768	A	T	Chr1	22177	22177	SNP124	SYN1	SNP	-
Chr1	23017	23017	T	C	Chr1	22426	22426	SNP125	SYN1	SNP	-
Chr1	23085	23085	A	G	Chr1	22494	22494	SNP126	SYN1	SNP	-
Chr1	23145	23145	g	gAGAGA	Chr1	22554	22559	INS127	SYN1	INS	-
Chr1	23147	23147	a	aG	Chr1	22561	22562	INS128	SYN1	INS	-
Chr1	23235	23235	C	T	Chr1	22650	22650	SNP129	SYN1	SNP	-
Chr1	23838	23838	A	T	Chr1	23253	23253	SNP130	SYN1	SNP	-
Chr1	24466	24466	G	C	Chr1	23881	23881	SNP131	SYN1	SNP	-
Chr1	24483	24483	T	G	Chr1	23898	23898	SNP132	SYN1	SNP	-
Chr1	24489	24489	A	T	Chr1	23904	23904	SNP133	SYN1	SNP	-
Chr1	25484	25484	G	C	Chr1	24899	24899	SNP134	SYN1	SNP	-
Chr1	25513	25513	C	A	Chr1	24928	24928	SNP135	SYN1	SNP	-
Chr1	25773	25773	C	T	Chr1	25188	25188	SNP136	SYN1	SNP	-
Chr1	26041	26041	A	T	Chr1	25456	25456	SNP137	SYN1	SNP	-
Chr1	26251	26251	A	C	Chr1	25666	25666	SNP138	SYN1	SNP	-
Chr1	26288	26288	A	T	Chr1	25703	25703	SNP139	SYN1	SNP	-
Chr1	29095	29095	a	aTATATA	Chr1	28510	28516	INS140	SYN1	INS	-
Chr1	29109	29110	cT	c	Chr1	28530	28530	DEL141	SYN1	DEL	-
Chr1	29451	29451	G	A	Chr1	28871	28871	SNP142	SYN1	SNP	-
Chr1	30069	30069	A	G	Chr1	29489	29489	SNP143	SYN1	SNP	-
Chr1	30529	30529	G	A	Chr1	29949	29949	SNP144	SYN1	SNP	-
Chr1	30683	30683	A	T	Chr1	30103	30103	SNP145	SYN1	SNP	-
Chr1	31301	31301	T	G	Chr1	30721	30721	SNP146	SYN1	SNP	-
Chr1	31449	31449	G	A	Chr1	30869	30869	SNP147	SYN1	SNP	-
Chr1	31515	31515	G	A	Chr1	30935	30935	SNP148	SYN1	SNP	-
Chr1	31926	31926	G	A	Chr1	31346	31346	SNP149	SYN1	SNP	-
Chr1	32210	32210	T	C	Chr1	31630	31630	SNP150	SYN1	SNP	-
Chr1	32364	32364	G	C	Chr1	31784	31784	SNP151	SYN1	SNP	-
Chr1	32494	32494	A	G	Chr1	31914	31914	SNP152	SYN1	SNP	-
Chr1	32542	32542	T	A	Chr1	31962	31962	SNP153	SYN1	SNP	-
Chr1	32807	32807	A	G	Chr1	32227	32227	SNP154	SYN1	SNP	-
Chr1	32854	32854	A	C	Chr1	32274	32274	SNP155	SYN1	SNP	-
Chr1	33208	33208	C	CC	Chr1	32628	32629	INS156	SYN1	INS	-
Chr1	33608	33608	C	CAATAGAGAC	Chr1	33029	33038	INS157	SYN1	INS	-
Chr1	33647	33647	T	A	Chr1	33077	33077	SNP158	SYN1	SNP	-
Chr1	33651	33651	T	A	Chr1	33081	33081	SNP159	SYN1	SNP	-
Chr1	33906	33906	C	G	Chr1	33336	33336	SNP160	SYN1	SNP	-
Chr1	33977	33977	t	tT	Chr1	33407	33408	INS161	SYN1	INS	-
Chr1	34125	34125	G	A	Chr1	33556	33556	SNP162	SYN1	SNP	-
Chr1	34345	34345	G	C	Chr1	33776	33776	SNP163	SYN1	SNP	-
Chr1	34599	34599	G	C	Chr1	34030	34030	SNP164	SYN1	SNP	-
Chr1	35551	35551	G	C	Chr1	34982	34982	SNP165	SYN1	SNP	-
Chr1	35856	35856	C	T	Chr1	35287	35287	SNP166	SYN1	SNP	-
Chr1	36475	36476	AA	A	Chr1	35906	35906	DEL167	SYN1	DEL	-
Chr1	36596	36596	A	C	Chr1	36026	36026	SNP168	SYN1	SNP	-
Chr1	36930	36930	t	tT	Chr1	36360	36361	INS169	SYN1	INS	-
Chr1	36939	36939	c	cA	Chr1	36370	36371	INS170	SYN1	INS	-
Chr1	36976	36977	aT	a	Chr1	36408	36408	DEL171	SYN1	DEL	-
Chr1	36986	36987	cA	c	Chr1	36417	36417	DEL172	SYN1	DEL	-
Chr1	37072	37072	G	T	Chr1	36502	36502	SNP173	SYN1	SNP	-
Chr1	37138	37138	C	G	Chr1	36568	36568	SNP174	SYN1	SNP	-
Chr1	37150	37159	GAAAGTTTTC	G	Chr1	36580	36580	DEL175	SYN1	DEL	-
Chr1	37245	37245	A	C	Chr1	36666	36666	SNP176	SYN1	SNP	-
Chr1	37268	37268	C	A	Chr1	36689	36689	SNP177	SYN1	SNP	-
Chr1	37273	37273	t	tTC	Chr1	36694	36696	INS178	SYN1	INS	-
Chr1	37350	37351	aT	a	Chr1	36773	36773	DEL179	SYN1	DEL	-
Chr1	37437	37437	C	T	Chr1	36859	36859	SNP180	SYN1	SNP	-
Chr1	37666	37667	cG	c	Chr1	37088	37088	DEL181	SYN1	DEL	-
Chr1	37681	37681	A	C	Chr1	37102	37102	SNP182	SYN1	SNP	-
Chr1	37768	37771	aGAA	a	Chr1	37189	37189	DEL183	SYN1	DEL	-
Chr1	37890	37890	A	C	Chr1	37308	37308	SNP184	SYN1	SNP	-
Chr1	38857	38865	AACAGTTAT	A	Chr1	38275	38275	DEL185	SYN1	DEL	-
Chr1	38946	38946	A	C	Chr1	38356	38356	SNP186	SYN1	SNP	-
Chr1	39060	39060	G	T	Chr1	38470	38470	SNP187	SYN1	SNP	-
Chr1	39062	39062	C	G	Chr1	38472	38472	SNP188	SYN1	SNP	-
Chr1	39067	39067	A	T	Chr1	38477	38477	SNP189	SYN1	SNP	-
Chr1	39075	39081	TGTTGTA	T	Chr1	38485	38485	DEL190	SYN1	DEL	-
Chr1	39165	39165	G	T	Chr1	38569	38569	SNP191	SYN1	SNP	-
Chr1	39369	39369	T	A	Chr1	38773	38773	SNP192	SYN1	SNP	-
Chr1	39751	39751	G	T	Chr1	39155	39155	SNP193	SYN1	SNP	-
Chr1	39802	39802	C	T	Chr1	39206	39206	SNP194	SYN1	SNP	-
Chr1	40010	40010	T	C	Chr1	39414	39414	SNP195	SYN1	SNP	-
Chr1	40393	40395	AAC	A	Chr1	39797	39797	DEL196	SYN1	DEL	-
Chr1	40457	40457	G	T	Chr1	39859	39859	SNP197	SYN1	SNP	-
Chr1	40465	40465	G	A	Chr1	39867	39867	SNP198	SYN1	SNP	-
Chr1	40561	40561	T	C	Chr1	39963	39963	SNP199	SYN1	SNP	-
Chr1	40583	40587	cATAT	c	Chr1	39985	39985	DEL200	SYN1	DEL	-
Chr1	40599	40599	C	A	Chr1	39997	39997	SNP201	SYN1	SNP	-
Chr1	40665	40665	C	A	Chr1	40063	40063	SNP202	SYN1	SNP	-
Chr1	40707	40707	T	G	Chr1	40105	40105	SNP203	SYN1	SNP	-
Chr1	40890	40890	a	aTA	Chr1	40288	40290	INS204	SYN1	INS	-
Chr1	40982	40983	aA	a	Chr1	40382	40382	DEL205	SYN1	DEL	-
Chr1	41146	41146	T	G	Chr1	40545	40545	SNP206	SYN1	SNP	-
Chr1	41361	41366	tATATA	t	Chr1	40760	40760	DEL207	SYN1	DEL	-
Chr1	41367	41368	tA	t	Chr1	40761	40761	DEL208	SYN1	DEL	-
Chr1	41384	41386	aTT	a	Chr1	40777	40777	DEL209	SYN1	DEL	-
Chr1	41400	41400	G	T	Chr1	40791	40791	SNP210	SYN1	SNP	-
Chr1	41566	41566	a	aTATATATATATATATATA	Chr1	40957	40975	INS211	SYN1	INS	-
Chr1	41668	41668	A	T	Chr1	41077	41077	SNP212	SYN1	SNP	-
Chr1	42435	42435	C	CTT	Chr1	41844	41846	INS213	SYN1	INS	-
Chr1	42441	42441	C	A	Chr1	41852	41852	SNP214	SYN1	SNP	-
Chr1	42450	42451	aT	a	Chr1	41861	41861	DEL215	SYN1	DEL	-
Chr1	42488	42488	A	G	Chr1	41898	41898	SNP216	SYN1	SNP	-
Chr1	42671	42671	A	G	Chr1	42081	42081	SNP217	SYN1	SNP	-
Chr1	42794	42800	tTATAAA	t	Chr1	42204	42204	DEL218	SYN1	DEL	-
Chr1	42869	42869	T	G	Chr1	42273	42273	SNP219	SYN1	SNP	-
Chr1	42902	42902	C	T	Chr1	42306	42306	SNP220	SYN1	SNP	-
Chr1	43025	43025	G	T	Chr1	42429	42429	SNP221	SYN1	SNP	-
Chr1	43171	43171	A	T	Chr1	42575	42575	SNP222	SYN1	SNP	-
Chr1	43172	43172	A	T	Chr1	42576	42576	SNP223	SYN1	SNP	-
Chr1	44130	44130	t	tT	Chr1	43534	43535	INS224	SYN1	INS	-
Chr1	44191	44191	T	A	Chr1	43596	43596	SNP225	SYN1	SNP	-
Chr1	44194	44194	G	T	Chr1	43599	43599	SNP226	SYN1	SNP	-
Chr1	44204	44204	T	TAATAC	Chr1	43609	43614	INS227	SYN1	INS	-
Chr1	44215	44215	T	A	Chr1	43625	43625	SNP228	SYN1	SNP	-
Chr1	44567	44567	C	A	Chr1	43977	43977	SNP229	SYN1	SNP	-
Chr1	44601	44601	A	G	Chr1	44011	44011	SNP230	SYN1	SNP	-
Chr1	44603	44603	C	T	Chr1	44013	44013	SNP231	SYN1	SNP	-
Chr1	44640	44640	A	C	Chr1	44050	44050	SNP232	SYN1	SNP	-
Chr1	44667	44667	C	T	Chr1	44077	44077	SNP233	SYN1	SNP	-
Chr1	44762	44762	C	T	Chr1	44172	44172	SNP234	SYN1	SNP	-
Chr1	44767	44767	A	G	Chr1	44177	44177	SNP235	SYN1	SNP	-
Chr1	44773	44773	A	T	Chr1	44183	44183	SNP236	SYN1	SNP	-
Chr1	44778	44778	T	G	Chr1	44188	44188	SNP237	SYN1	SNP	-
Chr1	44814	44815	aT	a	Chr1	44224	44224	DEL238	SYN1	DEL	-
Chr1	44822	44822	G	A	Chr1	44231	44231	SNP239	SYN1	SNP	-
Chr1	44830	44830	T	C	Chr1	44239	44239	SNP240	SYN1	SNP	-
Chr1	45007	45007	C	A	Chr1	44416	44416	SNP241	SYN1	SNP	-
Chr1	46373	46373	C	T	Chr1	45782	45782	SNP242	SYN1	SNP	-
Chr1	46575	46575	A	G	Chr1	45984	45984	SNP243	SYN1	SNP	-
Chr1	46882	46882	T	G	Chr1	46291	46291	SNP244	SYN1	SNP	-
Chr1	47348	47348	A	G	Chr1	46757	46757	SNP245	SYN1	SNP	-
Chr1	47502	47502	A	T	Chr1	46911	46911	SNP246	SYN1	SNP	-
Chr1	47503	47503	A	T	Chr1	46912	46912	SNP247	SYN1	SNP	-
Chr1	47512	47513	aT	a	Chr1	46921	46921	DEL248	SYN1	DEL	-
Chr1	47577	47577	G	A	Chr1	46985	46985	SNP249	SYN1	SNP	-
Chr1	47664	47664	A	AT	Chr1	47072	47073	INS250	SYN1	INS	-
Chr1	47692	47692	T	G	Chr1	47101	47101	SNP251	SYN1	SNP	-
Chr1	48181	48181	T	C	Chr1	47590	47590	SNP252	SYN1	SNP	-
Chr1	49221	49221	a	aC	Chr1	48630	48631	INS253	SYN1	INS	-
Chr1	49609	49609	G	T	Chr1	49019	49019	SNP254	SYN1	SNP	-
Chr1	49611	49611	T	A	Chr1	49021	49021	SNP255	SYN1	SNP	-
Chr1	49675	49675	G	A	Chr1	49085	49085	SNP256	SYN1	SNP	-
Chr1	49704	49704	A	G	Chr1	49114	49114	SNP257	SYN1	SNP	-
Chr1	49778	49778	T	A	Chr1	49188	49188	SNP258	SYN1	SNP	-
Chr1	49841	49841	C	T	Chr1	49251	49251	SNP259	SYN1	SNP	-
Chr1	50100	50100	T	A	Chr1	49510	49510	SNP260	SYN1	SNP	-
Chr1	50447	50447	G	GCAG	Chr1	49857	49860	INS261	SYN1	INS	-
Chr1	50816	50816	T	TAAACTC	Chr1	50229	50235	INS262	SYN1	INS	-
Chr1	51101	51101	G	A	Chr1	50520	50520	SNP263	SYN1	SNP	-
Chr1	51128	51128	A	T	Chr1	50547	50547	SNP264	SYN1	SNP	-
Chr1	51187	51187	T	A	Chr1	50606	50606	SNP265	SYN1	SNP	-
Chr1	51237	51237	T	A	Chr1	50656	50656	SNP266	SYN1	SNP	-
Chr1	51295	51295	T	A	Chr1	50714	50714	SNP267	SYN1	SNP	-
Chr1	51392	51392	C	A	Chr1	50811	50811	SNP268	SYN1	SNP	-
Chr1	51470	51471	CG	C	Chr1	50889	50889	DEL269	SYN1	DEL	-
Chr1	51514	51514	A	G	Chr1	50932	50932	SNP270	SYN1	SNP	-
Chr1	51521	51522	aT	a	Chr1	50939	50939	DEL271	SYN1	DEL	-
Chr1	51529	51531	tGC	t	Chr1	50946	50946	DEL272	SYN1	DEL	-
Chr1	51537	51537	A	T	Chr1	50952	50952	SNP273	SYN1	SNP	-
Chr1	51672	51673	aA	a	Chr1	51087	51087	DEL274	SYN1	DEL	-
Chr1	51706	51706	A	T	Chr1	51120	51120	SNP275	SYN1	SNP	-
Chr1	51736	51736	C	A	Chr1	51150	51150	SNP276	SYN1	SNP	-
Chr1	51813	51814	aT	a	Chr1	51227	51227	DEL277	SYN1	DEL	-
Chr1	51818	51818	T	A	Chr1	51231	51231	SNP278	SYN1	SNP	-
Chr1	51878	51878	A	C	Chr1	51291	51291	SNP279	SYN1	SNP	-
Chr1	51935	51935	A	C	Chr1	51348	51348	SNP280	SYN1	SNP	-
Chr1	51961	51961	A	G	Chr1	51374	51374	SNP281	SYN1	SNP	-
Chr1	51964	51967	aTAC	a	Chr1	51377	51377	DEL282	SYN1	DEL	-
Chr1	52202	52202	A	C	Chr1	51612	51612	SNP283	SYN1	SNP	-
Chr1	52425	52425	T	A	Chr1	51835	51835	SNP284	SYN1	SNP	-
Chr1	52800	52800	T	A	Chr1	52210	52210	SNP285	SYN1	SNP	-
Chr1	52890	52890	T	C	Chr1	52300	52300	SNP286	SYN1	SNP	-
Chr1	52909	52909	A	C	Chr1	52319	52319	SNP287	SYN1	SNP	-
Chr1	53027	53027	A	G	Chr1	52437	52437	SNP288	SYN1	SNP	-
Chr1	53901	53901	G	A	Chr1	53311	53311	SNP289	SYN1	SNP	-
Chr1	55013	55013	T	C	Chr1	54423	54423	SNP290	SYN1	SNP	-
Chr1	55212	55213	tT	t	Chr1	54622	54622	DEL291	SYN1	DEL	-
Chr1	55216	55217	aG	a	Chr1	54625	54625	DEL292	SYN1	DEL	-
Chr1	55362	55362	C	A	Chr1	54770	54770	SNP293	SYN1	SNP	-
Chr1	55446	55446	A	AATCATTTA	Chr1	54854	54862	INS294	SYN1	INS	-
Chr1	55456	55456	A	C	Chr1	54872	54872	SNP295	SYN1	SNP	-
Chr1	55470	55470	T	C	Chr1	54886	54886	SNP296	SYN1	SNP	-
Chr1	55676	56577	TAAAGATGCTAATGATGGGTTAAAACTCACTGGGTACCCAAAAcccacataaaattttaagcccataaatctactttttttagaaaaaaatacagGTTTAAAATGGACTGGGtacccaaataaataaaacccaTATGGGTTTACCTCATTGGGTTATGGGTACCcacggttttttttttaagtccTTTTTCAGGtgaatcaacattttcttgtcaaaaaagatttcacatttttctccATAAACCGCGATTTAACAGTTTACCGCCAAAaaagacattcaacattttcctgccaaaaagatttcacattttcctgtcaaaaacgcaatttaacattttcccgccaaaaacgacattcaatattttcccgccaaaaagatttcacattttccactcaaaaacgcaatttaacattttcccgccaaaaatgatattcaacatttttccgccaaaaacacaatttaacattttcccgccaaaaacgacattcaacatttctggccaagaaaaagatttgacatttttcccgccaaaaaacgcaatttaacattttttctccaaaaaaacgcaatttaacattttcccgccaaaaacgcaaTTCAACCTTTTTcccatcaaatatatatgtaatatagaaaataaatataatttaaaatatatttataaacaaaatatagatacaacatacatataatagtatattaacagttaaaaataaactctAAGAAAACGATAAAAACCAAGTTGGGTACCCACGAGTAGTCTCGGAATAATCAGGTTTTTTCGGGTTTTACCCACTTATTCAAAAACCCATCTGGGTTTTTTAAAGTTGGATTTTTGGTGGACGGGTTTATTTTGGGTTCAGGTCGGGCTGAGCTTTTTTACCCACCACAACATCTCTAA	T	Chr1	55092	55092	DEL2	SYN1	DEL	-
Chr1	56578	61428	-	-	Chr1	55093	59940	SYNAL3	SYN1	SYNAL	-
Chr1	57063	57063	T	G	Chr1	55578	55578	SNP297	SYN1	SNP	-
Chr1	57140	57140	G	A	Chr1	55655	55655	SNP298	SYN1	SNP	-
Chr1	57205	57205	T	C	Chr1	55720	55720	SNP299	SYN1	SNP	-
Chr1	57383	57383	T	A	Chr1	55898	55898	SNP300	SYN1	SNP	-
Chr1	59108	59108	T	C	Chr1	57623	57623	SNP301	SYN1	SNP	-
Chr1	59225	59227	aAA	a	Chr1	57740	57740	DEL302	SYN1	DEL	-
Chr1	60637	60637	G	T	Chr1	59150	59150	SNP303	SYN1	SNP	-
Chr1	60829	60829	A	T	Chr1	59342	59342	SNP304	SYN1	SNP	-
Chr1	61053	61053	A	T	Chr1	59566	59566	SNP305	SYN1	SNP	-
Chr1	61097	61097	G	T	Chr1	59610	59610	SNP306	SYN1	SNP	-
Chr1	61122	61122	A	T	Chr1	59635	59635	SNP307	SYN1	SNP	-
Chr1	61169	61170	AT	A	Chr1	59682	59682	DEL308	SYN1	DEL	-
Chr1	61239	61239	C	T	Chr1	59751	59751	SNP309	SYN1	SNP	-
Chr1	61332	61332	C	A	Chr1	59844	59844	SNP310	SYN1	SNP	-
Chr1	61405	61405	A	T	Chr1	59917	59917	SNP311	SYN1	SNP	-
Chr1	61429	79920	-	-	-	-	-	NOTAL2	-	NOTAL	-
-	-	-	-	-	Chr1	1	1580	NOTAL3	-	NOTAL	-
